[cert] n=14 deficient sample=100 non-deficient sample=100
DEF 0 rank=20000337101 perm=3,2,11,0,8,9,1,12,13,10,4,7,6,5 pc=13(0.0s) cpsat=13[OPTIMAL](0.0s) PASS
DEF 1 rank=19723700863 perm=3,2,4,1,7,6,0,11,13,12,8,5,10,9 pc=13(0.0s) cpsat=13[OPTIMAL](0.1s) PASS
DEF 2 rank=259213414 perm=0,1,8,7,6,4,13,3,10,11,12,9,2,5 pc=13(0.0s) cpsat=13[OPTIMAL](0.0s) PASS
DEF 3 rank=262420264 perm=0,1,8,9,5,3,7,10,11,6,12,13,2,4 pc=13(0.0s) cpsat=13[OPTIMAL](0.0s) PASS
DEF 4 rank=6708723838 perm=1,2,0,3,11,7,13,12,10,9,8,6,4,5 pc=13(0.0s) cpsat=13[OPTIMAL](0.0s) PASS
DEF 5 rank=124146850 perm=0,1,5,3,6,4,2,9,8,7,11,13,10,12 pc=13(0.0s) cpsat=13[OPTIMAL](0.0s) PASS
DEF 6 rank=79544774 perm=0,1,3,13,12,4,10,8,11,2,7,6,5,9 pc=13(0.0s) cpsat=13[OPTIMAL](0.0s) PASS
DEF 7 rank=86323761 perm=0,1,4,3,11,12,13,9,2,8,6,7,10,5 pc=13(0.0s) cpsat=13[OPTIMAL](0.0s) PASS
DEF 8 rank=20005181391 perm=3,2,11,1,12,13,5,0,4,10,8,7,9,6 pc=13(0.0s) cpsat=13[OPTIMAL](0.0s) PASS
DEF 9 rank=6236706119 perm=1,0,2,5,10,11,4,9,12,13,8,7,6,3 pc=13(0.0s) cpsat=13[OPTIMAL](0.0s) PASS
DEF 10 rank=170978671 perm=0,1,6,5,3,4,10,8,9,7,11,2,13,12 pc=13(0.0s) cpsat=13[OPTIMAL](0.0s) PASS
DEF 11 rank=199501974 perm=0,1,6,13,12,9,11,8,2,5,4,3,7,10 pc=13(0.0s) cpsat=13[OPTIMAL](0.0s) PASS
DEF 12 rank=6504716383 perm=1,0,8,13,7,4,5,6,3,12,9,2,11,10 pc=12(0.0s) cpsat=12[OPTIMAL](0.0s) PASS
DEF 13 rank=17682779863 perm=2,11,12,13,10,0,1,3,6,9,5,4,8,7 pc=13(0.0s) cpsat=13[OPTIMAL](0.0s) PASS
DEF 14 rank=6356524158 perm=1,0,5,4,10,12,13,2,9,8,6,3,7,11 pc=13(0.0s) cpsat=13[OPTIMAL](0.0s) PASS
DEF 15 rank=3919908823 perm=0,9,3,4,5,2,13,10,11,12,6,1,8,7 pc=13(0.0s) cpsat=13[OPTIMAL](0.0s) PASS
DEF 16 rank=6365987059 perm=1,0,5,8,4,13,9,10,11,2,12,3,7,6 pc=13(0.0s) cpsat=13[OPTIMAL](0.0s) PASS
DEF 17 rank=9452422662 perm=1,7,10,11,12,4,0,8,9,13,3,2,5,6 pc=13(0.0s) cpsat=13[OPTIMAL](0.0s) PASS
DEF 18 rank=372781614 perm=0,1,11,5,10,4,8,9,3,7,6,2,12,13 pc=13(0.0s) cpsat=13[OPTIMAL](0.0s) PASS
DEF 19 rank=11590725545 perm=1,12,3,6,0,13,7,2,11,8,9,10,5,4 pc=13(0.0s) cpsat=13[OPTIMAL](0.0s) PASS
DEF 20 rank=8483214 perm=0,1,2,5,7,8,9,4,6,11,10,3,12,13 pc=13(0.0s) cpsat=13[OPTIMAL](0.0s) PASS
DEF 21 rank=19759159996 perm=3,2,5,0,1,13,9,6,11,10,4,12,7,8 pc=13(0.0s) cpsat=13[OPTIMAL](0.0s) PASS
DEF 22 rank=6346534901 perm=1,0,4,13,12,6,3,2,10,11,5,9,8,7 pc=13(0.0s) cpsat=13[OPTIMAL](0.0s) PASS
DEF 23 rank=14536943490 perm=2,5,6,1,13,12,4,3,7,10,11,0,8,9 pc=13(0.0s) cpsat=13[OPTIMAL](0.0s) PASS
DEF 24 rank=13543836527 perm=2,3,5,6,7,1,11,4,0,9,13,12,10,8 pc=13(0.0s) cpsat=13[OPTIMAL](0.0s) PASS
DEF 25 rank=260122176 perm=0,1,8,7,10,12,5,6,11,13,2,3,4,9 pc=13(0.0s) cpsat=13[OPTIMAL](0.0s) PASS
DEF 26 rank=61292431 perm=0,1,3,8,12,13,4,5,7,6,9,2,11,10 pc=13(0.0s) cpsat=13[OPTIMAL](0.0s) PASS
DEF 27 rank=86238941 perm=0,1,4,3,11,9,12,13,5,10,2,8,7,6 pc=13(0.0s) cpsat=13[OPTIMAL](0.0s) PASS
DEF 28 rank=24209855300 perm=3,12,7,6,8,11,10,9,0,1,13,4,2,5 pc=13(0.0s) cpsat=13[OPTIMAL](0.0s) PASS
DEF 29 rank=6292298503 perm=1,0,3,9,13,11,12,10,5,8,4,2,7,6 pc=13(0.0s) cpsat=13[OPTIMAL](0.0s) PASS
DEF 30 rank=56045694 perm=0,1,3,7,8,9,2,5,6,11,10,4,12,13 pc=13(0.0s) cpsat=13[OPTIMAL](0.0s) PASS
DEF 31 rank=13586954982 perm=2,3,6,7,4,0,1,9,12,13,8,5,10,11 pc=13(0.0s) cpsat=13[OPTIMAL](0.0s) PASS
DEF 32 rank=6512383305 perm=1,0,9,3,10,6,7,8,12,13,4,5,11,2 pc=13(0.0s) cpsat=13[OPTIMAL](0.0s) PASS
DEF 33 rank=348937189 perm=0,1,10,11,3,8,4,7,13,12,6,2,9,5 pc=13(0.0s) cpsat=13[OPTIMAL](0.0s) PASS
DEF 34 rank=13448170081 perm=2,3,0,12,13,7,11,9,1,4,5,6,10,8 pc=13(0.0s) cpsat=13[OPTIMAL](0.0s) PASS
DEF 35 rank=14425845834 perm=2,5,1,7,6,11,12,13,10,9,8,0,3,4 pc=13(0.0s) cpsat=13[OPTIMAL](0.0s) PASS
DEF 36 rank=13016131912 perm=2,1,4,0,12,13,9,10,11,8,6,7,3,5 pc=13(0.0s) cpsat=13[OPTIMAL](0.0s) PASS
DEF 37 rank=3178102470 perm=0,7,9,8,11,13,12,10,2,3,4,1,5,6 pc=13(0.0s) cpsat=13[OPTIMAL](0.0s) PASS
DEF 38 rank=131738984 perm=0,1,5,6,7,2,8,11,12,13,4,9,3,10 pc=13(0.0s) cpsat=13[OPTIMAL](0.0s) PASS
DEF 39 rank=13435823518 perm=2,3,0,9,8,7,11,13,12,10,6,5,1,4 pc=13(0.0s) cpsat=13[OPTIMAL](0.0s) PASS
DEF 40 rank=7536568448 perm=1,3,10,11,12,8,9,13,2,0,5,6,4,7 pc=13(0.0s) cpsat=13[OPTIMAL](0.0s) PASS
DEF 41 rank=13466648991 perm=2,3,1,7,0,9,6,5,4,13,11,10,12,8 pc=13(0.0s) cpsat=13[OPTIMAL](0.0s) PASS
DEF 42 rank=1741374112 perm=0,4,9,8,12,10,11,7,1,13,5,6,2,3 pc=13(0.0s) cpsat=13[OPTIMAL](0.0s) PASS
DEF 43 rank=1263098945 perm=0,3,9,10,1,11,12,13,2,6,7,8,5,4 pc=13(0.0s) cpsat=13[OPTIMAL](0.0s) PASS
DEF 44 rank=193973616 perm=0,1,6,12,7,8,11,10,9,13,2,3,4,5 pc=13(0.0s) cpsat=13[OPTIMAL](0.0s) PASS
DEF 45 rank=43684893 perm=0,1,3,4,2,8,9,11,7,12,13,6,10,5 pc=13(0.0s) cpsat=13[OPTIMAL](0.0s) PASS
DEF 46 rank=19322862 perm=0,1,2,8,6,5,4,13,7,12,9,3,10,11 pc=13(0.0s) cpsat=13[OPTIMAL](0.0s) PASS
DEF 47 rank=227791424 perm=0,1,7,10,11,9,6,8,13,12,3,4,2,5 pc=13(0.0s) cpsat=13[OPTIMAL](0.0s) PASS
DEF 48 rank=4748463520 perm=0,10,12,13,6,5,4,7,2,3,9,11,1,8 pc=13(0.0s) cpsat=13[OPTIMAL](0.0s) PASS
DEF 49 rank=6334894096 perm=1,0,4,10,11,5,7,8,2,3,12,13,6,9 pc=13(0.0s) cpsat=13[OPTIMAL](0.0s) PASS
DEF 50 rank=6386421223 perm=1,0,5,13,12,4,7,2,8,11,6,3,10,9 pc=13(0.0s) cpsat=13[OPTIMAL](0.0s) PASS
DEF 51 rank=6300425769 perm=1,0,3,12,5,6,9,8,7,2,10,11,13,4 pc=13(0.0s) cpsat=13[OPTIMAL](0.0s) PASS
DEF 52 rank=9013565407 perm=1,6,11,10,12,13,7,8,9,0,3,2,5,4 pc=13(0.0s) cpsat=13[OPTIMAL](0.0s) PASS
DEF 53 rank=425842288 perm=0,1,12,9,5,7,8,6,10,11,4,13,2,3 pc=13(0.0s) cpsat=13[OPTIMAL](0.0s) PASS
DEF 54 rank=2011519384 perm=0,5,3,7,6,2,12,13,11,8,9,10,1,4 pc=13(0.0s) cpsat=13[OPTIMAL](0.0s) PASS
DEF 55 rank=17284373068 perm=2,11,1,0,4,3,13,5,10,7,6,12,8,9 pc=13(0.0s) cpsat=13[OPTIMAL](0.0s) PASS
DEF 56 rank=6340708081 perm=1,0,4,12,6,5,10,2,3,7,8,9,13,11 pc=13(0.0s) cpsat=13[OPTIMAL](0.0s) PASS
DEF 57 rank=68188771 perm=0,1,3,10,11,13,4,7,8,9,12,2,6,5 pc=13(0.0s) cpsat=13[OPTIMAL](0.0s) PASS
DEF 58 rank=94525481 perm=0,1,4,7,2,9,8,3,10,6,12,13,11,5 pc=13(0.0s) cpsat=13[OPTIMAL](0.0s) PASS
DEF 59 rank=6279013463 perm=1,0,3,6,7,5,10,2,4,8,13,12,11,9 pc=13(0.0s) cpsat=13[OPTIMAL](0.0s) PASS
DEF 60 rank=13647188136 perm=2,3,7,12,10,13,11,4,9,8,0,1,5,6 pc=13(0.0s) cpsat=13[OPTIMAL](0.0s) PASS
DEF 61 rank=10322121958 perm=1,9,7,8,6,0,2,3,10,13,12,11,4,5 pc=13(0.0s) cpsat=13[OPTIMAL](0.0s) PASS
DEF 62 rank=8491367717 perm=1,5,10,9,13,12,4,2,3,8,0,11,7,6 pc=13(0.0s) cpsat=13[OPTIMAL](0.0s) PASS
DEF 63 rank=6398965105 perm=1,0,6,5,7,12,8,13,9,3,2,4,11,10 pc=13(0.0s) cpsat=13[OPTIMAL](0.0s) PASS
DEF 64 rank=7225894457 perm=1,3,2,0,6,10,11,5,9,4,12,13,8,7 pc=13(0.0s) cpsat=13[OPTIMAL](0.0s) PASS
DEF 65 rank=6337497905 perm=1,0,4,11,7,8,2,3,9,10,12,13,6,5 pc=13(0.0s) cpsat=13[OPTIMAL](0.0s) PASS
DEF 66 rank=18599334 perm=0,1,2,8,4,6,7,9,10,11,5,3,12,13 pc=13(0.0s) cpsat=13[OPTIMAL](0.0s) PASS
DEF 67 rank=93860208 perm=0,1,4,6,12,9,13,2,7,8,3,5,10,11 pc=13(0.0s) cpsat=13[OPTIMAL](0.0s) PASS
DEF 68 rank=6499601160 perm=1,0,8,12,3,4,7,6,13,2,5,9,10,11 pc=13(0.0s) cpsat=13[OPTIMAL](0.0s) PASS
DEF 69 rank=291692322 perm=0,1,9,5,6,12,7,8,3,4,13,2,10,11 pc=13(0.0s) cpsat=13[OPTIMAL](0.0s) PASS
DEF 70 rank=6325991867 perm=1,0,4,8,5,11,10,2,12,13,6,9,7,3 pc=13(0.0s) cpsat=13[OPTIMAL](0.0s) PASS
DEF 71 rank=8579710364 perm=1,5,12,13,4,6,7,8,3,2,11,9,0,10 pc=13(0.0s) cpsat=13[OPTIMAL](0.0s) PASS
DEF 72 rank=15285428635 perm=2,6,12,13,3,7,11,0,10,9,8,1,5,4 pc=13(0.0s) cpsat=13[OPTIMAL](0.0s) PASS
DEF 73 rank=6273870654 perm=1,0,3,4,13,2,12,9,6,8,7,5,10,11 pc=13(0.0s) cpsat=13[OPTIMAL](0.0s) PASS
DEF 74 rank=13691493810 perm=2,3,9,0,1,4,12,6,10,11,13,5,7,8 pc=13(0.0s) cpsat=13[OPTIMAL](0.0s) PASS
DEF 75 rank=19771101403 perm=3,2,5,6,7,12,10,9,0,4,13,1,11,8 pc=13(0.0s) cpsat=13[OPTIMAL](0.0s) PASS
DEF 76 rank=13705953241 perm=2,3,9,5,13,12,6,1,4,0,7,8,11,10 pc=13(0.0s) cpsat=13[OPTIMAL](0.1s) PASS
DEF 77 rank=13761494473 perm=2,3,10,11,4,13,12,1,8,7,0,5,9,6 pc=13(0.0s) cpsat=13[OPTIMAL](0.0s) PASS
DEF 78 rank=15745401785 perm=2,7,12,6,0,1,13,9,8,5,10,11,4,3 pc=13(0.0s) cpsat=13[OPTIMAL](0.0s) PASS
DEF 79 rank=13519871863 perm=2,3,4,10,11,1,6,5,12,13,7,0,9,8 pc=13(0.0s) cpsat=13[OPTIMAL](0.0s) PASS
DEF 80 rank=6504041375 perm=1,0,8,13,5,6,9,4,11,10,12,7,3,2 pc=13(0.0s) cpsat=13[OPTIMAL](0.0s) PASS
DEF 81 rank=6303036055 perm=1,0,3,12,13,7,5,6,10,8,4,2,11,9 pc=13(0.0s) cpsat=13[OPTIMAL](0.0s) PASS
DEF 82 rank=20002783564 perm=3,2,11,1,5,6,12,4,13,0,7,10,8,9 pc=13(0.0s) cpsat=13[OPTIMAL](0.0s) PASS
DEF 83 rank=13022024095 perm=2,1,4,5,9,3,12,13,8,7,6,0,11,10 pc=13(0.0s) cpsat=13[OPTIMAL](0.0s) PASS
DEF 84 rank=26473124992 perm=4,3,5,2,6,12,9,1,0,13,10,11,7,8 pc=13(0.0s) cpsat=13[OPTIMAL](0.0s) PASS
DEF 85 rank=6282660080 perm=1,0,3,7,6,5,13,9,11,10,4,8,2,12 pc=12(0.0s) cpsat=12[OPTIMAL](0.1s) PASS
DEF 86 rank=19772889763 perm=3,2,5,6,12,11,0,7,13,4,10,1,9,8 pc=13(0.0s) cpsat=13[OPTIMAL](0.0s) PASS
DEF 87 rank=1045183249 perm=0,3,4,5,1,7,6,11,9,10,2,8,13,12 pc=13(0.0s) cpsat=13[OPTIMAL](0.0s) PASS
DEF 88 rank=22817889436 perm=3,9,8,7,13,12,11,0,1,6,2,10,4,5 pc=13(0.0s) cpsat=13[OPTIMAL](0.0s) PASS
DEF 89 rank=8227734168 perm=1,5,3,2,7,8,12,13,9,6,0,4,10,11 pc=13(0.0s) cpsat=13[OPTIMAL](0.0s) PASS
DEF 90 rank=7228233497 perm=1,3,2,0,13,4,10,7,6,5,11,12,9,8 pc=13(0.0s) cpsat=13[OPTIMAL](0.0s) PASS
DEF 91 rank=6273057103 perm=1,0,3,4,10,12,11,5,6,13,7,2,9,8 pc=13(0.0s) cpsat=13[OPTIMAL](0.0s) PASS
DEF 92 rank=521667409 perm=0,2,3,1,11,9,5,8,4,10,6,7,13,12 pc=13(0.0s) cpsat=13[OPTIMAL](0.0s) PASS
DEF 93 rank=52094447 perm=0,1,3,6,7,10,2,5,9,8,13,12,11,4 pc=13(0.0s) cpsat=13[OPTIMAL](0.0s) PASS
DEF 94 rank=10569116471 perm=1,10,0,11,7,8,12,13,4,5,9,6,3,2 pc=13(0.0s) cpsat=13[OPTIMAL](0.0s) PASS
DEF 95 rank=6473763647 perm=1,0,8,3,13,12,7,11,5,4,10,9,6,2 pc=13(0.0s) cpsat=13[OPTIMAL](0.0s) PASS
DEF 96 rank=6450785138 perm=1,0,7,9,10,8,11,6,12,13,2,4,3,5 pc=13(0.0s) cpsat=13[OPTIMAL](0.0s) PASS
DEF 97 rank=223327341 perm=0,1,7,9,8,5,12,13,11,2,10,4,6,3 pc=13(0.0s) cpsat=13[OPTIMAL](0.0s) PASS
DEF 98 rank=219799913 perm=0,1,7,8,9,11,5,2,10,13,6,12,4,3 pc=13(0.0s) cpsat=13[OPTIMAL](0.0s) PASS
DEF 99 rank=7884197275 perm=1,4,7,8,10,11,6,12,13,9,5,0,3,2 pc=13(0.0s) cpsat=13[OPTIMAL](0.0s) PASS
NONDEF 0 rank=19493351245 perm=3,1,10,5,12,7,0,6,13,9,8,2,11,4 path=0-11-10-9-8-4-3-13-12-2-1-6-5-7 (0.0s) PASS
NONDEF 1 rank=5607578746 perm=0,12,9,6,3,13,10,8,7,11,2,5,1,4 path=0-1-5-4-13-12-10-11-3-2-6-7-8-9 (0.0s) PASS
NONDEF 2 rank=6925649301 perm=1,2,7,8,9,4,0,12,6,3,13,10,11,5 path=0-1-9-8-2-3-4-5-13-12-11-10-7-6 (0.0s) PASS
NONDEF 3 rank=37886320702 perm=6,1,2,3,8,9,13,0,12,4,11,10,5,7 path=2-3-9-8-6-7-1-0-12-13-4-5-11-10 (0.0s) PASS
NONDEF 4 rank=8971696243 perm=1,6,10,11,4,8,3,7,2,5,13,0,12,9 path=0-11-10-12-13-5-4-9-8-6-7-1-2-3 (0.0s) PASS
NONDEF 5 rank=10842281910 perm=1,10,8,7,12,4,11,3,13,2,5,0,6,9 path=0-11-10-5-4-8-9-7-6-1-2-13-12-3 (0.0s) PASS
NONDEF 6 rank=3663064410 perm=0,8,9,11,5,4,12,6,3,10,13,1,2,7 path=0-1-2-3-9-8-5-4-7-6-10-11-12-13 (0.0s) PASS
NONDEF 7 rank=21685421543 perm=3,7,4,2,13,1,12,0,5,6,11,10,9,8 path=0-3-4-6-5-7-8-2-1-9-10-11-12-13 (0.0s) PASS
NONDEF 8 rank=31761788146 perm=5,1,4,10,9,13,11,0,7,12,3,8,2,6 path=0-1-7-6-3-2-10-11-4-5-9-8-13-12 (0.0s) PASS
NONDEF 9 rank=38633248222 perm=6,2,9,12,3,11,13,0,4,1,10,8,5,7 path=0-1-4-5-3-2-10-11-13-12-8-9-7-6 (0.0s) PASS
NONDEF 10 rank=7177259501 perm=1,2,13,10,11,7,5,4,12,9,0,8,6,3 path=1-0-10-11-9-8-2-3-4-5-12-13-7-6 (0.0s) PASS
NONDEF 11 rank=27409894396 perm=4,6,2,10,7,3,13,0,11,9,1,12,5,8 path=0-1-12-13-4-5-2-3-9-8-11-10-7-6 (0.0s) PASS
NONDEF 12 rank=7014020536 perm=1,2,9,10,12,8,11,7,3,0,6,13,4,5 path=0-9-10-7-8-1-2-5-6-3-4-11-12-13 (0.0s) PASS
NONDEF 13 rank=32319291700 perm=5,2,7,10,4,3,11,13,0,12,1,9,6,8 path=0-4-3-6-5-1-2-12-13-11-10-8-7-9 (0.0s) PASS
NONDEF 14 rank=17675345066 perm=2,11,12,9,10,5,6,13,3,1,0,7,4,8 path=0-1-4-5-6-7-2-3-13-12-8-9-10-11 (0.0s) PASS
NONDEF 15 rank=25688350546 perm=4,1,9,8,0,3,12,13,7,11,5,10,2,6 path=0-1-4-5-12-13-10-11-2-3-8-9-6-7 (0.0s) PASS
NONDEF 16 rank=31993099186 perm=5,1,11,7,6,4,10,0,13,12,3,9,2,8 path=4-5-0-1-7-6-11-10-12-13-3-2-9-8 (0.0s) PASS
NONDEF 17 rank=28612736758 perm=4,8,10,11,13,0,3,5,1,12,9,7,2,6 path=0-7-6-12-13-11-10-1-2-3-4-9-8-5 (0.0s) PASS
NONDEF 18 rank=5207979884 perm=0,11,12,6,2,10,3,5,7,4,13,8,1,9 path=0-1-5-4-6-7-9-8-3-2-10-11-13-12 (0.0s) PASS
NONDEF 19 rank=23256577098 perm=3,10,7,8,12,13,0,2,6,1,11,4,5,9 path=0-7-6-9-8-2-1-10-11-12-13-3-4-5 (0.0s) PASS
NONDEF 20 rank=12259362782 perm=1,13,8,2,5,7,10,3,11,6,9,4,0,12 path=0-12-11-4-3-7-8-6-5-9-10-2-1-13 (0.0s) PASS
NONDEF 21 rank=32736457942 perm=5,3,6,1,4,13,0,12,10,2,11,9,7,8 path=0-1-4-5-7-6-3-2-12-13-11-10-8-9 (0.0s) PASS
NONDEF 22 rank=39930150640 perm=6,5,4,3,10,12,0,13,8,2,9,11,1,7 path=0-1-2-3-9-8-10-11-4-5-7-6-12-13 (0.0s) PASS
NONDEF 23 rank=24171799131 perm=3,12,6,8,0,13,11,10,2,5,1,7,9,4 path=0-8-7-6-5-1-2-11-10-4-3-12-13-9 (0.0s) PASS
NONDEF 24 rank=42735454786 perm=6,12,2,8,10,5,0,13,3,11,4,9,1,7 path=0-1-7-6-12-13-3-2-8-9-4-5-10-11 (0.0s) PASS
NONDEF 25 rank=34080847456 perm=5,7,1,11,10,9,0,13,4,2,8,12,3,6 path=0-1-13-12-8-9-2-3-4-5-10-11-7-6 (0.0s) PASS
NONDEF 26 rank=9328779139 perm=1,7,6,10,11,8,5,2,12,0,13,3,9,4 path=0-1-2-3-4-5-12-13-6-7-11-10-8-9 (0.0s) PASS
NONDEF 27 rank=4476591932 perm=0,10,5,2,9,4,8,11,12,7,13,3,1,6 path=0-1-7-6-4-5-2-3-11-10-8-9-13-12 (0.0s) PASS
NONDEF 28 rank=17610080186 perm=2,11,10,1,12,7,13,5,8,3,0,6,4,9 path=0-1-2-3-10-11-5-4-6-7-12-13-8-9 (0.0s) PASS
NONDEF 29 rank=5961591119 perm=0,13,6,4,11,7,12,3,8,10,9,5,2,1 path=0-13-12-7-6-1-2-5-4-9-8-10-11-3 (0.0s) PASS
NONDEF 30 rank=9139093294 perm=1,7,0,13,6,12,2,4,3,10,11,9,5,8 path=0-2-1-4-3-5-6-8-7-12-13-11-10-9 (0.0s) PASS
NONDEF 31 rank=17349989569 perm=2,11,3,9,1,13,5,4,10,7,0,6,12,8 path=0-1-8-9-11-10-4-5-12-13-3-2-7-6 (0.0s) PASS
NONDEF 32 rank=951068760 perm=0,2,13,11,1,12,3,4,10,5,6,7,8,9 path=2-3-5-4-0-1-6-7-9-8-13-12-11-10 (0.0s) PASS
NONDEF 33 rank=32817766396 perm=5,3,8,1,10,13,9,7,0,11,2,12,4,6 path=0-1-10-11-5-4-9-8-3-2-6-7-13-12 (0.0s) PASS
NONDEF 34 rank=38848597747 perm=6,3,1,4,10,5,13,0,11,8,12,2,9,7 path=0-1-11-10-6-7-2-3-5-4-8-9-12-13 (0.0s) PASS
NONDEF 35 rank=19865961598 perm=3,2,7,10,8,4,6,0,5,13,12,11,1,9 path=0-1-12-13-4-5-8-9-10-11-3-2-6-7 (0.0s) PASS
NONDEF 36 rank=9083723576 perm=1,6,13,8,3,4,11,0,10,7,5,9,2,12 path=0-7-6-8-9-1-2-13-12-4-3-11-10-5 (0.0s) PASS
NONDEF 37 rank=29993809683 perm=4,11,8,5,6,13,0,10,1,2,3,9,12,7 path=0-1-7-6-8-9-10-11-2-3-4-5-12-13 (0.0s) PASS
NONDEF 38 rank=15219406292 perm=2,6,11,4,0,9,7,8,3,12,13,5,1,10 path=0-1-6-7-5-4-12-13-2-3-8-9-10-11 (0.0s) PASS
NONDEF 39 rank=24342557380 perm=3,12,10,11,1,7,0,6,5,13,2,9,4,8 path=0-10-9-1-2-3-4-6-5-7-8-12-11-13 (0.0s) PASS
NONDEF 40 rank=5833173159 perm=0,13,3,2,7,9,12,8,5,4,10,6,11,1 path=0-1-6-7-4-5-10-11-8-9-2-3-13-12 (0.0s) PASS
NONDEF 41 rank=33462984147 perm=5,4,12,3,8,0,1,13,11,6,2,9,10,7 path=1-0-9-8-2-3-10-11-12-13-4-5-6-7 (0.0s) PASS
NONDEF 42 rank=27513630673 perm=4,6,7,3,0,2,11,10,13,9,1,5,12,8 path=0-1-11-10-4-5-3-2-13-12-6-7-9-8 (0.0s) PASS
NONDEF 43 rank=7239695968 perm=1,3,2,7,0,10,13,9,5,11,8,12,4,6 path=2-3-10-11-6-7-5-4-0-1-12-13-8-9 (0.0s) PASS
NONDEF 44 rank=21486284508 perm=3,6,12,4,0,7,13,9,10,11,5,1,2,8 path=1-0-12-13-5-4-11-10-3-2-6-7-8-9 (0.0s) PASS
NONDEF 45 rank=31766147630 perm=5,1,4,11,12,13,10,0,6,9,7,3,2,8 path=4-5-6-3-2-0-1-7-8-10-9-13-12-11 (0.0s) PASS
NONDEF 46 rank=12113829662 perm=1,13,4,7,3,8,2,10,6,9,11,5,0,12 path=0-12-13-1-2-11-10-7-6-4-3-8-9-5 (0.0s) PASS
NONDEF 47 rank=15008754831 perm=2,6,5,0,1,3,13,9,11,12,8,7,10,4 path=0-1-2-3-4-5-13-12-8-9-6-7-10-11 (0.0s) PASS
NONDEF 48 rank=35392483324 perm=5,9,12,8,2,1,11,0,13,3,4,10,6,7 path=0-10-9-4-3-1-2-8-7-5-6-11-12-13 (0.0s) PASS
NONDEF 49 rank=24297265662 perm=3,12,9,8,7,10,11,0,2,13,4,1,5,6 path=0-8-9-1-2-3-4-13-12-10-11-7-6-5 (0.0s) PASS
NONDEF 50 rank=24077417252 perm=3,12,4,2,0,13,5,7,6,10,11,8,1,9 path=0-1-5-4-12-13-11-10-9-8-7-6-2-3 (0.0s) PASS
NONDEF 51 rank=34753782055 perm=5,8,7,10,2,0,13,9,11,4,3,1,12,6 path=0-1-7-6-12-13-2-3-8-9-10-11-4-5 (0.0s) PASS
NONDEF 52 rank=653706509 perm=0,2,6,7,3,8,13,10,11,4,1,12,9,5 path=0-1-10-11-6-7-8-9-4-5-3-2-13-12 (0.0s) PASS
NONDEF 53 rank=10602930857 perm=1,10,2,8,12,11,6,0,13,3,7,9,5,4 path=2-3-10-11-1-0-7-6-12-13-9-8-4-5 (0.0s) PASS
NONDEF 54 rank=38993516779 perm=6,3,5,12,8,10,0,13,2,1,11,4,9,7 path=0-1-8-9-6-7-3-2-11-10-5-4-12-13 (0.0s) PASS
NONDEF 55 rank=29044429988 perm=4,9,8,7,12,6,13,10,0,3,11,2,1,5 path=0-1-2-3-5-4-6-7-10-11-9-8-12-13 (0.0s) PASS
NONDEF 56 rank=822464204 perm=0,2,10,8,9,6,5,4,7,3,13,11,1,12 path=0-1-12-13-10-11-2-3-4-5-6-7-9-8 (0.0s) PASS
NONDEF 57 rank=15126618200 perm=2,6,8,13,5,12,1,0,11,9,4,7,3,10 path=0-12-11-1-2-9-10-4-3-5-6-7-8-13 (0.0s) PASS
NONDEF 58 rank=27456054740 perm=4,6,3,12,1,8,10,13,5,0,11,7,2,9 path=0-1-8-9-4-5-11-10-3-2-12-13-6-7 (0.0s) PASS
NONDEF 59 rank=26493823550 perm=4,3,5,10,13,11,12,0,1,9,7,6,2,8 path=0-1-12-13-9-8-7-6-4-5-3-2-11-10 (0.0s) PASS
NONDEF 60 rank=7792637356 perm=1,4,5,3,8,7,12,2,9,11,0,13,6,10 path=1-0-10-11-6-7-3-2-12-13-9-8-4-5 (0.0s) PASS
NONDEF 61 rank=9125549322 perm=1,7,0,9,11,8,2,13,3,5,12,4,6,10 path=0-2-1-12-11-9-10-7-8-6-5-3-4-13 (0.0s) PASS
NONDEF 62 rank=7853835685 perm=1,4,6,11,5,0,9,12,2,10,8,3,13,7 path=0-5-4-1-2-13-12-7-6-10-11-8-9-3 (0.0s) PASS
NONDEF 63 rank=23413814558 perm=3,10,12,7,2,1,11,0,13,5,8,6,4,9 path=0-4-3-11-10-13-12-9-8-2-1-6-5-7 (0.0s) PASS
NONDEF 64 rank=26572783792 perm=4,3,7,10,11,6,1,12,0,13,8,9,2,5 path=4-3-2-5-6-8-7-9-10-11-12-1-0-13 (0.0s) PASS
NONDEF 65 rank=23178634750 perm=3,10,5,9,6,0,13,7,2,8,12,11,1,4 path=0-1-11-10-6-7-4-5-12-13-2-3-9-8 (0.0s) PASS
NONDEF 66 rank=363477414 perm=0,1,11,3,4,9,12,7,10,6,5,2,8,13 path=0-1-11-10-4-5-12-13-6-7-9-8-2-3 (0.0s) PASS
NONDEF 67 rank=35571437876 perm=5,10,3,1,8,6,0,13,11,12,9,4,2,7 path=0-1-8-9-7-6-3-2-11-10-4-5-13-12 (0.0s) PASS
NONDEF 68 rank=9317156085 perm=1,7,6,5,9,10,3,0,11,4,13,8,12,2 path=0-1-2-3-9-8-5-4-11-10-12-13-6-7 (0.0s) PASS
NONDEF 69 rank=3401590331 perm=0,8,2,4,6,12,11,10,1,3,7,13,9,5 path=0-8-7-6-5-11-10-4-3-13-12-1-2-9 (0.0s) PASS
NONDEF 70 rank=23722035801 perm=3,11,7,4,1,9,2,0,13,10,6,8,12,5 path=0-1-9-8-12-13-3-2-10-11-5-4-6-7 (0.0s) PASS
NONDEF 71 rank=3927608862 perm=0,9,3,6,5,7,13,8,2,12,4,1,10,11 path=0-1-12-13-9-8-11-10-2-3-4-5-7-6 (0.0s) PASS
NONDEF 72 rank=11756011442 perm=1,12,7,6,9,4,10,13,8,0,2,5,3,11 path=0-9-8-4-3-2-1-7-6-13-12-10-11-5 (0.0s) PASS
NONDEF 73 rank=21728443157 perm=3,7,5,4,11,10,13,0,2,9,1,12,8,6 path=0-8-7-10-9-12-11-6-5-4-3-2-1-13 (0.0s) PASS
NONDEF 74 rank=17869292187 perm=2,12,4,9,3,13,10,6,5,1,0,8,11,7 path=0-1-5-4-2-3-6-7-8-9-10-11-13-12 (0.0s) PASS
NONDEF 75 rank=7255106347 perm=1,3,2,11,6,4,5,7,10,9,13,0,12,8 path=2-3-8-9-13-12-10-11-0-1-5-4-6-7 (0.0s) PASS
NONDEF 76 rank=9472067661 perm=1,7,11,4,3,8,5,9,10,0,13,6,12,2 path=0-1-11-10-12-13-4-5-7-6-3-2-8-9 (0.0s) PASS
NONDEF 77 rank=25811372345 perm=4,1,12,8,13,3,0,2,6,9,10,11,7,5 path=0-1-6-7-5-4-2-3-12-13-8-9-10-11 (0.0s) PASS
NONDEF 78 rank=13092048125 perm=2,1,5,13,11,3,8,9,4,0,6,12,10,7 path=0-5-6-7-8-2-1-9-10-13-12-4-3-11 (0.0s) PASS
NONDEF 79 rank=3830849798 perm=0,8,13,12,7,10,2,3,9,4,6,5,1,11 path=0-12-11-9-10-4-3-2-1-8-7-6-5-13 (0.0s) PASS
NONDEF 80 rank=35735499884 perm=5,10,8,2,11,6,0,13,9,3,12,4,1,7 path=0-1-4-5-13-12-3-2-8-9-11-10-7-6 (0.0s) PASS
NONDEF 81 rank=25431750717 perm=4,1,2,3,7,0,12,6,13,11,10,8,9,5 path=0-13-12-11-10-9-8-6-5-1-2-3-4-7 (0.0s) PASS
NONDEF 82 rank=5676387767 perm=0,12,11,3,4,8,6,5,13,2,10,9,7,1 path=0-1-8-9-3-2-10-11-5-4-7-6-12-13 (0.0s) PASS
NONDEF 83 rank=36519441818 perm=5,12,2,11,9,10,0,13,8,7,1,4,3,6 path=0-1-7-6-10-11-12-13-9-8-4-5-3-2 (0.0s) PASS
NONDEF 84 rank=14330746594 perm=2,4,13,0,3,10,6,1,11,7,8,12,5,9 path=0-1-4-5-8-9-6-7-3-2-11-10-13-12 (0.0s) PASS
NONDEF 85 rank=32022961171 perm=5,1,12,3,9,10,4,0,13,8,11,2,7,6 path=2-8-7-1-0-6-5-10-9-4-3-11-12-13 (0.0s) PASS
NONDEF 86 rank=25453692817 perm=4,1,2,10,6,8,13,12,0,11,3,5,9,7 path=0-11-10-2-1-8-7-6-5-12-13-4-3-9 (0.0s) PASS
NONDEF 87 rank=40063116700 perm=6,5,9,10,3,1,13,0,8,12,2,11,4,7 path=0-1-12-13-8-9-6-7-5-4-10-11-3-2 (0.0s) PASS
NONDEF 88 rank=15236873892 perm=2,6,11,9,12,8,7,1,13,0,5,3,4,10 path=0-1-6-7-9-8-4-5-3-2-13-12-10-11 (0.0s) PASS
NONDEF 89 rank=30067628438 perm=4,11,10,2,12,3,13,5,0,6,8,7,1,9 path=0-1-2-3-5-4-6-7-9-8-12-13-10-11 (0.0s) PASS
NONDEF 90 rank=7565896477 perm=1,3,11,7,13,8,2,12,6,4,9,0,10,5 path=0-11-10-5-4-7-6-1-2-12-13-9-8-3 (0.0s) PASS
NONDEF 91 rank=1331212080 perm=0,3,11,5,12,7,2,6,10,1,4,8,9,13 path=0-1-6-7-5-4-13-12-11-10-3-2-8-9 (0.0s) PASS
NONDEF 92 rank=23253858843 perm=3,10,7,8,1,5,9,13,2,0,4,11,12,6 path=0-8-7-12-13-2-1-11-10-5-6-3-4-9 (0.0s) PASS
NONDEF 93 rank=7500936013 perm=1,3,9,13,0,8,2,12,10,4,7,5,11,6 path=2-3-7-6-0-1-9-8-12-13-11-10-5-4 (0.0s) PASS
NONDEF 94 rank=23663035932 perm=3,11,5,10,12,13,8,7,6,0,4,1,2,9 path=0-12-13-6-5-4-3-1-2-10-11-9-8-7 (0.0s) PASS
NONDEF 95 rank=26668151979 perm=4,3,10,1,0,6,8,13,12,11,2,7,9,5 path=0-1-10-11-5-4-3-2-9-8-7-6-12-13 (0.0s) PASS
NONDEF 96 rank=40845334100 perm=6,8,3,2,12,11,0,13,9,1,10,5,4,7 path=0-13-12-11-10-5-4-7-6-9-8-1-2-3 (0.0s) PASS
NONDEF 97 rank=3298504660 perm=0,7,12,8,13,10,2,3,5,11,1,9,4,6 path=0-1-3-2-4-5-9-8-13-12-7-6-10-11 (0.0s) PASS
NONDEF 98 rank=20942735647 perm=3,5,10,9,2,8,0,11,13,1,6,4,12,7 path=0-1-11-10-13-12-8-9-4-5-3-2-7-6 (0.0s) PASS
NONDEF 99 rank=7075040560 perm=1,2,11,4,9,13,3,12,5,6,8,10,0,7 path=0-1-6-7-5-4-10-11-2-3-8-9-13-12 (0.0s) PASS
CERT SUMMARY: ALL PASS (n=14, 100+100 sigma)
