[cert] n=13 deficient sample=100 non-deficient sample=100
DEF 0 rank=706572859 perm=1,6,9,10,2,3,0,5,4,12,7,11,8 pc=12(0.0s) cpsat=12[OPTIMAL](0.1s) PASS
DEF 1 rank=124146850 perm=0,4,2,5,3,1,8,7,6,10,12,9,11 pc=12(0.0s) cpsat=12[OPTIMAL](0.1s) PASS
DEF 2 rank=786688408 perm=1,8,9,10,12,0,11,6,5,4,7,2,3 pc=12(0.0s) cpsat=12[OPTIMAL](0.0s) PASS
DEF 3 rank=1548495245 perm=3,2,10,9,4,1,0,12,5,6,11,8,7 pc=12(0.0s) cpsat=12[OPTIMAL](0.0s) PASS
DEF 4 rank=878050200 perm=1,10,12,11,7,0,4,3,2,5,6,8,9 pc=12(0.0s) cpsat=12[OPTIMAL](0.0s) PASS
DEF 5 rank=560410265 perm=1,3,0,7,6,2,9,10,8,11,12,5,4 pc=12(0.0s) cpsat=12[OPTIMAL](0.1s) PASS
DEF 6 rank=1073908943 perm=2,3,11,12,5,8,1,4,0,10,9,7,6 pc=12(0.0s) cpsat=12[OPTIMAL](0.0s) PASS
DEF 7 rank=501723041 perm=1,0,8,4,9,7,3,10,5,11,12,6,2 pc=12(0.0s) cpsat=12[OPTIMAL](0.0s) PASS
DEF 8 rank=19322862 perm=0,1,7,5,4,3,12,6,11,8,2,9,10 pc=12(0.0s) cpsat=12[OPTIMAL](0.0s) PASS
DEF 9 rank=68188771 perm=0,2,9,10,12,3,6,7,8,11,1,5,4 pc=12(0.0s) cpsat=12[OPTIMAL](0.0s) PASS
DEF 10 rank=512478155 perm=1,0,11,4,5,6,3,7,8,9,12,10,2 pc=12(0.0s) cpsat=12[OPTIMAL](0.0s) PASS
DEF 11 rank=834404464 perm=1,9,11,12,4,6,5,0,7,8,10,2,3 pc=12(0.0s) cpsat=12[OPTIMAL](0.0s) PASS
DEF 12 rank=834587158 perm=1,9,11,12,10,0,6,7,8,5,4,2,3 pc=12(0.0s) cpsat=12[OPTIMAL](0.0s) PASS
DEF 13 rank=182392703 perm=0,5,8,3,9,10,1,4,2,12,11,7,6 pc=12(0.0s) cpsat=12[OPTIMAL](0.1s) PASS
DEF 14 rank=487863976 perm=1,0,4,7,6,11,5,12,2,9,10,3,8 pc=12(0.0s) cpsat=12[OPTIMAL](0.0s) PASS
DEF 15 rank=15694801 perm=0,1,6,5,4,7,2,9,3,8,10,12,11 pc=12(0.0s) cpsat=12[OPTIMAL](0.0s) PASS
DEF 16 rank=517378319 perm=1,0,12,7,9,10,4,11,8,6,5,3,2 pc=12(0.0s) cpsat=12[OPTIMAL](0.0s) PASS
DEF 17 rank=494772736 perm=1,0,6,5,8,3,4,9,2,11,12,7,10 pc=12(0.0s) cpsat=12[OPTIMAL](0.0s) PASS
DEF 18 rank=1233716989 perm=2,7,11,12,9,1,0,8,10,5,3,6,4 pc=12(0.0s) cpsat=12[OPTIMAL](0.0s) PASS
DEF 19 rank=694910878 perm=1,6,5,7,12,11,0,10,9,8,4,2,3 pc=12(0.0s) cpsat=12[OPTIMAL](0.0s) PASS
DEF 20 rank=16235671 perm=0,1,6,7,10,9,4,8,3,5,2,12,11 pc=12(0.0s) cpsat=12[OPTIMAL](0.0s) PASS
DEF 21 rank=247441951 perm=0,7,3,2,11,12,8,5,4,6,1,10,9 pc=12(0.0s) cpsat=12[OPTIMAL](0.0s) PASS
DEF 22 rank=499803775 perm=1,0,7,10,4,12,5,11,6,3,2,9,8 pc=12(0.0s) cpsat=12[OPTIMAL](0.0s) PASS
DEF 23 rank=502733432 perm=1,0,8,7,5,9,10,12,3,4,6,2,11 pc=12(0.0s) cpsat=12[OPTIMAL](0.1s) PASS
DEF 24 rank=492021064 perm=1,0,5,8,11,12,3,7,6,9,10,2,4 pc=12(0.0s) cpsat=12[OPTIMAL](0.0s) PASS
DEF 25 rank=638430031 perm=1,4,12,11,5,0,8,6,3,7,2,10,9 pc=12(0.0s) cpsat=12[OPTIMAL](0.0s) PASS
DEF 26 rank=1047211831 perm=2,3,4,8,11,7,0,12,5,6,1,10,9 pc=12(0.0s) cpsat=12[OPTIMAL](0.1s) PASS
DEF 27 rank=27002751 perm=0,1,9,6,5,10,8,11,12,4,3,7,2 pc=12(0.0s) cpsat=12[OPTIMAL](0.0s) PASS
DEF 28 rank=2050993078 perm=4,3,6,1,12,11,0,7,10,9,8,2,5 pc=12(0.0s) cpsat=12[OPTIMAL](0.0s) PASS
DEF 29 rank=1055596758 perm=2,3,6,11,12,5,9,7,8,1,0,4,10 pc=12(0.0s) cpsat=12[OPTIMAL](0.0s) PASS
DEF 30 rank=8069599 perm=0,1,4,5,6,3,2,11,10,8,7,12,9 pc=12(0.0s) cpsat=12[OPTIMAL](0.0s) PASS
DEF 31 rank=1039419953 perm=2,3,0,7,6,5,1,11,12,9,10,8,4 pc=12(0.0s) cpsat=12[OPTIMAL](0.0s) PASS
DEF 32 rank=1542633009 perm=3,2,9,1,0,10,12,11,4,6,7,8,5 pc=12(0.0s) cpsat=12[OPTIMAL](0.0s) PASS
DEF 33 rank=7897945 perm=0,1,4,3,10,12,2,7,6,5,8,11,9 pc=12(0.0s) cpsat=12[OPTIMAL](0.0s) PASS
DEF 34 rank=492324784 perm=1,0,5,9,10,6,7,4,8,11,12,2,3 pc=12(0.0s) cpsat=12[OPTIMAL](0.0s) PASS
DEF 35 rank=742447864 perm=1,7,8,6,12,11,0,5,4,9,10,2,3 pc=12(0.0s) cpsat=12[OPTIMAL](0.1s) PASS
DEF 36 rank=1045480434 perm=2,3,4,1,0,9,10,5,12,11,6,7,8 pc=12(0.0s) cpsat=12[OPTIMAL](0.0s) PASS
DEF 37 rank=151462375 perm=0,4,10,9,5,7,1,6,8,3,2,12,11 pc=12(0.0s) cpsat=12[OPTIMAL](0.0s) PASS
DEF 38 rank=239475599 perm=0,6,12,11,10,3,9,8,7,5,4,2,1 pc=12(0.0s) cpsat=12[OPTIMAL](0.0s) PASS
DEF 39 rank=1548598938 perm=3,2,10,9,6,8,7,12,0,11,1,4,5 pc=12(0.0s) cpsat=12[OPTIMAL](0.0s) PASS
DEF 40 rank=906150910 perm=1,11,8,9,0,12,7,10,4,6,5,2,3 pc=12(0.0s) cpsat=12[OPTIMAL](0.0s) PASS
DEF 41 rank=8486878 perm=0,1,4,6,7,8,12,3,11,10,9,2,5 pc=12(0.0s) cpsat=12[OPTIMAL](0.0s) PASS
DEF 42 rank=491566902 perm=1,0,5,7,9,10,2,11,12,4,3,6,8 pc=12(0.0s) cpsat=12[OPTIMAL](0.0s) PASS
DEF 43 rank=834295529 perm=1,9,11,12,0,8,7,6,5,4,10,3,2 pc=12(0.0s) cpsat=12[OPTIMAL](0.0s) PASS
DEF 44 rank=1041878597 perm=2,3,1,4,5,6,12,9,10,0,11,8,7 pc=12(0.0s) cpsat=12[OPTIMAL](0.0s) PASS
DEF 45 rank=678551494 perm=1,5,12,11,10,2,3,7,8,9,6,0,4 pc=12(0.0s) cpsat=12[OPTIMAL](0.0s) PASS
DEF 46 rank=503013327 perm=1,0,8,9,3,7,4,10,11,6,5,12,2 pc=12(0.0s) cpsat=12[OPTIMAL](0.0s) PASS
DEF 47 rank=505751633 perm=1,0,9,5,10,6,7,11,12,4,8,3,2 pc=12(0.0s) cpsat=12[OPTIMAL](0.0s) PASS
DEF 48 rank=1067392984 perm=2,3,10,1,7,0,6,5,9,11,12,4,8 pc=12(0.0s) cpsat=12[OPTIMAL](0.0s) PASS
DEF 49 rank=1044006521 perm=2,3,1,10,0,4,6,5,8,11,12,9,7 pc=12(0.0s) cpsat=12[OPTIMAL](0.0s) PASS
DEF 50 rank=502339303 perm=1,0,8,6,4,11,7,5,12,3,2,10,9 pc=12(0.0s) cpsat=12[OPTIMAL](0.0s) PASS
DEF 51 rank=8817847 perm=0,1,4,7,5,10,9,2,3,8,6,12,11 pc=12(0.0s) cpsat=12[OPTIMAL](0.0s) PASS
DEF 52 rank=20643270 perm=0,1,7,9,11,12,10,3,4,5,2,6,8 pc=12(0.0s) cpsat=12[OPTIMAL](0.0s) PASS
DEF 53 rank=12129847 perm=0,1,5,6,7,11,10,2,3,8,4,12,9 pc=12(0.0s) cpsat=12[OPTIMAL](0.0s) PASS
DEF 54 rank=355490273 perm=0,9,11,12,6,7,8,3,10,4,5,2,1 pc=12(0.0s) cpsat=12[OPTIMAL](0.1s) PASS
DEF 55 rank=32262447 perm=0,1,10,11,12,3,4,9,7,6,5,8,2 pc=12(0.0s) cpsat=12[OPTIMAL](0.0s) PASS
DEF 56 rank=1072284408 perm=2,3,11,6,12,4,9,10,5,0,1,7,8 pc=12(0.0s) cpsat=12[OPTIMAL](0.0s) PASS
DEF 57 rank=7627863 perm=0,1,4,3,2,6,9,7,10,11,8,12,5 pc=12(0.0s) cpsat=12[OPTIMAL](0.0s) PASS
DEF 58 rank=7871020 perm=0,1,4,3,10,5,9,12,11,2,8,6,7 pc=12(0.0s) cpsat=12[OPTIMAL](0.0s) PASS
DEF 59 rank=7627876 perm=0,1,4,3,2,6,9,7,11,5,12,8,10 pc=12(0.0s) cpsat=12[OPTIMAL](0.0s) PASS
DEF 60 rank=167648977 perm=0,5,3,2,12,11,8,9,10,1,4,7,6 pc=12(0.0s) cpsat=12[OPTIMAL](0.0s) PASS
DEF 61 rank=504390647 perm=1,0,8,12,11,7,5,6,3,10,9,4,2 pc=12(0.0s) cpsat=12[OPTIMAL](0.0s) PASS
DEF 62 rank=13515280 perm=0,1,5,10,4,3,9,6,7,11,12,2,8 pc=12(0.0s) cpsat=12[OPTIMAL](0.0s) PASS
DEF 63 rank=1544899102 perm=3,2,9,10,4,12,7,1,0,11,8,5,6 pc=12(0.0s) cpsat=12[OPTIMAL](0.0s) PASS
DEF 64 rank=43865033 perm=0,2,3,1,11,12,6,8,10,7,9,5,4 pc=12(0.0s) cpsat=12[OPTIMAL](0.0s) PASS
DEF 65 rank=479412285 perm=1,0,2,4,5,6,9,8,7,12,10,11,3 pc=12(0.0s) cpsat=12[OPTIMAL](0.0s) PASS
DEF 66 rank=899849886 perm=1,11,6,12,8,7,5,4,0,3,2,9,10 pc=12(0.0s) cpsat=12[OPTIMAL](0.0s) PASS
DEF 67 rank=1038740477 perm=2,3,0,5,8,7,6,1,11,4,12,10,9 pc=12(0.0s) cpsat=12[OPTIMAL](0.1s) PASS
DEF 68 rank=662268184 perm=1,5,8,7,0,4,6,12,9,10,11,2,3 pc=12(0.0s) cpsat=12[OPTIMAL](0.0s) PASS
DEF 69 rank=187831150 perm=0,5,9,10,7,6,1,8,4,12,11,2,3 pc=12(0.0s) cpsat=12[OPTIMAL](0.0s) PASS
DEF 70 rank=1051849458 perm=2,3,5,11,8,7,4,0,1,12,6,9,10 pc=12(0.0s) cpsat=12[OPTIMAL](0.0s) PASS
DEF 71 rank=483050920 perm=1,0,3,4,5,8,9,2,7,11,12,6,10 pc=12(0.0s) cpsat=12[OPTIMAL](0.0s) PASS
DEF 72 rank=857807875 perm=1,10,6,4,11,12,9,7,8,5,0,3,2 pc=12(0.0s) cpsat=12[OPTIMAL](0.0s) PASS
DEF 73 rank=1118716576 perm=2,5,0,4,11,12,8,1,3,9,10,6,7 pc=12(0.0s) cpsat=12[OPTIMAL](0.0s) PASS
DEF 74 rank=503031744 perm=1,0,8,9,3,12,11,4,5,2,6,7,10 pc=12(0.0s) cpsat=12[OPTIMAL](0.0s) PASS
DEF 75 rank=945023 perm=0,1,2,5,9,7,8,10,3,12,11,6,4 pc=12(0.0s) cpsat=12[OPTIMAL](0.0s) PASS
DEF 76 rank=7644764 perm=0,1,4,3,2,9,11,10,6,12,7,5,8 pc=12(0.0s) cpsat=12[OPTIMAL](0.0s) PASS
DEF 77 rank=71488447 perm=0,2,10,9,1,3,5,8,4,7,6,12,11 pc=12(0.0s) cpsat=12[OPTIMAL](0.0s) PASS
DEF 78 rank=23679964 perm=0,1,8,7,4,5,6,12,2,3,11,9,10 pc=12(0.0s) cpsat=12[OPTIMAL](0.0s) PASS
DEF 79 rank=1048170576 perm=2,3,4,11,7,5,6,8,12,0,1,9,10 pc=12(0.0s) cpsat=12[OPTIMAL](0.0s) PASS
DEF 80 rank=11338539 perm=0,1,5,3,6,4,10,12,11,2,8,9,7 pc=12(0.0s) cpsat=12[OPTIMAL](0.0s) PASS
DEF 81 rank=488159371 perm=1,0,4,8,5,3,2,6,11,12,7,10,9 pc=12(0.0s) cpsat=12[OPTIMAL](0.0s) PASS
DEF 82 rank=23807110 perm=0,1,8,7,9,5,10,4,6,12,11,2,3 pc=12(0.0s) cpsat=12[OPTIMAL](0.0s) PASS
DEF 83 rank=1532784937 perm=3,2,6,5,12,7,11,10,9,0,1,8,4 pc=12(0.0s) cpsat=12[OPTIMAL](0.0s) PASS
DEF 84 rank=2107284224 perm=4,5,10,9,0,12,11,6,8,2,3,1,7 pc=12(0.0s) cpsat=12[OPTIMAL](0.0s) PASS
DEF 85 rank=502703491 perm=1,0,8,7,4,11,10,3,9,12,2,6,5 pc=12(0.0s) cpsat=12[OPTIMAL](0.0s) PASS
DEF 86 rank=492894133 perm=1,0,5,11,4,8,7,3,2,10,6,12,9 pc=12(0.0s) cpsat=12[OPTIMAL](0.0s) PASS
DEF 87 rank=841522325 perm=1,10,0,12,2,3,9,4,5,6,11,8,7 pc=12(0.0s) cpsat=12[OPTIMAL](0.0s) PASS
DEF 88 rank=599825208 perm=1,4,0,5,12,8,11,7,6,2,3,9,10 pc=12(0.0s) cpsat=12[OPTIMAL](0.0s) PASS
DEF 89 rank=2103943057 perm=4,5,9,10,12,1,0,2,11,3,6,8,7 pc=12(0.0s) cpsat=12[OPTIMAL](0.0s) PASS
DEF 90 rank=1071313746 perm=2,3,11,4,5,6,1,10,8,12,0,7,9 pc=12(0.0s) cpsat=12[OPTIMAL](0.0s) PASS
DEF 91 rank=720184177 perm=1,7,0,6,9,10,8,11,12,2,3,5,4 pc=12(0.0s) cpsat=12[OPTIMAL](0.0s) PASS
DEF 92 rank=1604857434 perm=3,5,2,4,9,0,1,10,12,11,6,7,8 pc=12(0.0s) cpsat=12[OPTIMAL](0.0s) PASS
DEF 93 rank=5898502 perm=0,1,3,9,5,6,7,8,2,12,11,4,10 pc=12(0.0s) cpsat=12[OPTIMAL](0.0s) PASS
DEF 94 rank=22479796 perm=0,1,8,3,12,7,4,11,9,2,10,5,6 pc=12(0.0s) cpsat=12[OPTIMAL](0.0s) PASS
DEF 95 rank=502830307 perm=1,0,8,7,9,12,11,4,5,10,2,6,3 pc=12(0.0s) cpsat=12[OPTIMAL](0.0s) PASS
DEF 96 rank=1161447388 perm=2,6,1,0,9,10,12,5,4,3,11,7,8 pc=12(0.0s) cpsat=12[OPTIMAL](0.0s) PASS
DEF 97 rank=1058097007 perm=2,3,7,8,11,5,12,1,0,6,4,10,9 pc=12(0.0s) cpsat=12[OPTIMAL](0.0s) PASS
DEF 98 rank=479543944 perm=1,0,2,4,8,7,10,5,9,11,12,3,6 pc=12(0.0s) cpsat=12[OPTIMAL](0.0s) PASS
DEF 99 rank=488275497 perm=1,0,4,8,9,2,3,7,10,6,11,12,5 pc=12(0.0s) cpsat=12[OPTIMAL](0.0s) PASS
NONDEF 0 rank=205483923 perm=0,6,2,9,4,5,10,7,1,3,11,12,8 path=0-1-5-4-9-8-2-3-6-7-12-11-10 (0.0s) PASS
NONDEF 1 rank=2638576381 perm=5,7,1,2,3,12,0,8,9,10,4,11,6 path=0-12-11-5-6-2-1-7-8-9-10-4-3 (0.0s) PASS
NONDEF 2 rank=2457499739 perm=5,1,8,3,2,12,4,0,9,7,11,10,6 path=0-12-11-8-7-1-2-9-10-5-6-3-4 (0.0s) PASS
NONDEF 3 rank=1681389715 perm=3,7,1,5,8,2,0,9,12,11,4,10,6 path=0-5-6-2-1-4-3-10-9-8-7-11-12 (0.0s) PASS
NONDEF 4 rank=408813827 perm=0,11,3,8,7,2,10,12,9,4,6,5,1 path=0-1-7-6-8-9-2-3-4-5-12-11-10 (0.0s) PASS
NONDEF 5 rank=1095959251 perm=2,4,7,0,3,9,5,10,11,12,1,8,6 path=0-1-4-3-10-9-8-7-5-6-12-11-2 (0.0s) PASS
NONDEF 6 rank=816188822 perm=1,9,5,12,2,10,3,7,6,8,4,0,11 path=0-11-12-3-4-6-5-1-2-8-7-9-10 (0.0s) PASS
NONDEF 7 rank=916016742 perm=1,11,12,5,3,8,4,6,10,2,0,7,9 path=0-10-9-4-3-6-5-12-11-7-8-1-2 (0.0s) PASS
NONDEF 8 rank=292528367 perm=0,8,4,9,2,3,6,7,5,12,11,10,1 path=0-1-7-6-8-9-10-11-3-2-5-4-12 (0.0s) PASS
NONDEF 9 rank=1806250606 perm=3,10,2,9,6,12,0,5,4,11,8,1,7 path=0-8-7-4-3-1-2-11-12-10-9-5-6 (0.0s) PASS
NONDEF 10 rank=369886651 perm=0,10,3,12,4,9,2,6,8,11,1,7,5 path=0-1-5-4-2-3-9-8-11-10-6-7-12 (0.0s) PASS
NONDEF 11 rank=1848114262 perm=3,11,4,2,12,1,6,7,0,10,9,5,8 path=2-3-0-1-4-5-8-9-10-11-6-7-12 (0.0s) PASS
NONDEF 12 rank=717394694 perm=1,6,12,8,11,5,2,7,0,9,4,3,10 path=0-8-7-1-2-4-3-9-10-5-6-11-12 (0.0s) PASS
NONDEF 13 rank=2161274177 perm=4,7,1,8,12,0,3,10,2,9,11,6,5 path=0-12-11-1-2-5-6-8-7-9-10-4-3 (0.0s) PASS
NONDEF 14 rank=1347651302 perm=2,10,9,4,8,12,0,11,5,6,3,1,7 path=0-1-2-3-10-9-8-7-5-4-12-11-6 (0.0s) PASS
NONDEF 15 rank=479540747 perm=1,0,2,4,8,6,12,10,11,5,9,7,3 path=0-1-2-12-11-4-3-9-10-7-8-6-5 (0.0s) PASS
NONDEF 16 rank=2027043437 perm=4,2,10,7,12,11,1,0,8,3,9,6,5 path=0-12-11-3-4-5-6-7-8-10-9-1-2 (0.0s) PASS
NONDEF 17 rank=2018620447 perm=4,2,8,3,10,12,11,6,0,5,1,9,7 path=0-1-3-2-12-11-4-5-6-7-9-8-10 (0.0s) PASS
NONDEF 18 rank=635228549 perm=1,4,12,0,7,9,5,11,3,2,10,8,6 path=0-3-4-11-12-6-5-10-9-8-7-2-1 (0.0s) PASS
NONDEF 19 rank=2190264344 perm=4,7,11,6,10,0,2,9,12,3,5,1,8 path=0-1-12-11-5-4-7-6-9-8-2-3-10 (0.0s) PASS
NONDEF 20 rank=1965514411 perm=4,1,3,9,6,12,0,2,10,11,5,8,7 path=0-1-6-7-2-3-8-9-5-4-10-11-12 (0.0s) PASS
NONDEF 21 rank=901104619 perm=1,11,7,4,2,10,8,3,0,12,5,9,6 path=0-8-7-4-3-10-9-1-2-6-5-11-12 (0.0s) PASS
NONDEF 22 rank=2214903196 perm=4,8,6,3,10,0,12,5,9,1,11,2,7 path=0-1-12-11-3-2-7-6-10-9-5-4-8 (0.0s) PASS
NONDEF 23 rank=609274689 perm=1,4,3,11,12,10,8,9,0,5,6,7,2 path=1-0-8-9-10-11-6-7-5-4-3-2-12 (0.0s) PASS
NONDEF 24 rank=2249245558 perm=4,9,3,11,2,10,12,0,8,7,6,1,5 path=0-1-5-4-2-3-6-7-11-12-10-9-8 (0.0s) PASS
NONDEF 25 rank=821241946 perm=1,9,7,4,2,0,11,10,12,5,8,3,6 path=0-4-3-11-12-9-10-2-1-7-8-6-5 (0.0s) PASS
NONDEF 26 rank=2822546794 perm=5,11,8,10,1,7,0,12,3,4,9,2,6 path=0-9-10-2-1-3-4-6-5-12-11-8-7 (0.0s) PASS
NONDEF 27 rank=1081767813 perm=2,4,1,3,0,9,8,6,11,12,7,10,5 path=0-1-3-2-4-5-11-12-7-6-10-9-8 (0.0s) PASS
NONDEF 28 rank=17127183 perm=0,1,6,10,3,11,4,9,7,8,5,12,2 path=0-1-12-11-5-4-6-7-3-2-10-9-8 (0.0s) PASS
NONDEF 29 rank=2701041673 perm=5,8,9,3,4,0,12,10,7,1,2,11,6 path=0-4-3-10-9-5-6-11-12-8-7-2-1 (0.0s) PASS
NONDEF 30 rank=2773335428 perm=5,10,6,2,8,0,12,9,4,11,3,1,7 path=0-2-1-7-8-10-9-6-5-11-12-4-3 (0.0s) PASS
NONDEF 31 rank=504092106 perm=1,0,8,12,3,5,4,11,7,10,2,6,9 path=0-1-2-8-7-3-4-6-5-11-12-9-10 (0.0s) PASS
NONDEF 32 rank=827645144 perm=1,9,10,0,8,12,4,2,11,5,6,3,7 path=0-3-4-1-2-8-7-11-12-10-9-6-5 (0.0s) PASS
NONDEF 33 rank=340983809 perm=0,9,6,12,7,11,4,5,8,3,10,2,1 path=0-12-11-9-10-1-2-4-3-5-6-7-8 (0.0s) PASS
NONDEF 34 rank=1169445348 perm=2,6,4,3,10,0,11,8,12,7,1,5,9 path=0-3-4-6-5-10-9-1-2-11-12-7-8 (0.0s) PASS
NONDEF 35 rank=1104730781 perm=2,4,9,6,5,0,10,3,12,1,11,8,7 path=0-1-7-6-2-3-4-5-9-8-10-11-12 (0.0s) PASS
NONDEF 36 rank=495122320 perm=1,0,6,7,5,11,8,12,3,9,10,2,4 path=0-1-2-3-4-12-11-8-7-5-6-9-10 (0.0s) PASS
NONDEF 37 rank=2333797870 perm=4,11,6,1,3,12,0,10,7,9,8,2,5 path=0-1-5-4-11-10-8-9-7-6-3-2-12 (0.0s) PASS
NONDEF 38 rank=2044437915 perm=4,3,2,6,12,5,8,0,10,1,9,11,7 path=0-1-2-3-5-4-11-10-8-9-7-6-12 (0.0s) PASS
NONDEF 39 rank=2349488773 perm=4,11,10,5,7,0,3,12,1,8,2,9,6 path=0-1-7-8-5-6-10-9-4-3-12-11-2 (0.0s) PASS
NONDEF 40 rank=525792099 perm=1,2,3,11,12,6,9,8,10,0,5,7,4 path=1-0-9-8-6-7-11-10-5-4-3-2-12 (0.0s) PASS
NONDEF 41 rank=248471452 perm=0,7,3,6,10,5,12,2,8,1,11,4,9 path=0-1-8-7-9-10-6-5-3-2-11-12-4 (0.0s) PASS
NONDEF 42 rank=153412974 perm=0,4,11,3,9,12,1,7,6,5,2,8,10 path=0-1-3-2-5-4-12-11-7-6-10-9-8 (0.0s) PASS
NONDEF 43 rank=2504844514 perm=5,2,10,3,9,0,12,8,4,6,11,1,7 path=0-8-7-4-3-1-2-10-9-12-11-5-6 (0.0s) PASS
NONDEF 44 rank=2700602649 perm=5,8,9,2,1,3,12,0,4,7,10,11,6 path=0-8-7-4-3-5-6-11-12-9-10-2-1 (0.0s) PASS
NONDEF 45 rank=1050550543 perm=2,3,5,8,0,6,9,12,11,4,1,10,7 path=0-1-9-8-7-6-11-10-4-5-2-3-12 (0.0s) PASS
NONDEF 46 rank=432484959 perm=0,11,10,2,9,4,6,7,3,8,5,12,1 path=0-1-11-10-6-7-9-8-5-4-2-3-12 (0.0s) PASS
NONDEF 47 rank=720117838 perm=1,7,0,6,8,2,9,10,12,11,5,3,4 path=0-2-1-3-4-6-5-11-12-10-9-7-8 (0.0s) PASS
NONDEF 48 rank=1084868068 perm=2,4,1,12,8,6,9,3,5,0,11,7,10 path=0-1-7-6-12-11-4-5-8-9-2-3-10 (0.0s) PASS
NONDEF 49 rank=2820791986 perm=5,11,8,3,4,0,12,7,10,2,9,1,6 path=0-4-3-9-10-2-1-6-5-11-12-7-8 (0.0s) PASS
NONDEF 50 rank=378309395 perm=0,10,6,3,7,9,4,11,2,5,12,8,1 path=0-1-5-4-11-10-7-6-3-2-9-8-12 (0.0s) PASS
NONDEF 51 rank=2485161382 perm=5,2,3,11,6,12,8,0,1,10,9,4,7 path=1-0-4-5-3-2-11-10-9-8-7-6-12 (0.0s) PASS
NONDEF 52 rank=1491772935 perm=3,1,6,0,12,5,9,11,2,8,7,10,4 path=0-8-7-4-3-1-2-10-9-6-5-12-11 (0.0s) PASS
NONDEF 53 rank=775075709 perm=1,8,5,7,12,0,11,2,4,3,10,9,6 path=0-5-6-4-3-1-2-8-7-9-10-11-12 (0.0s) PASS
NONDEF 54 rank=1216997383 perm=2,7,6,4,10,5,11,0,12,3,1,9,8 path=0-1-12-11-4-3-9-10-7-8-6-5-2 (0.0s) PASS
NONDEF 55 rank=2778728403 perm=5,10,7,9,3,12,0,1,2,4,8,11,6 path=0-9-10-2-1-3-4-8-7-6-5-11-12 (0.0s) PASS
NONDEF 56 rank=151199736 perm=0,4,10,8,7,12,11,5,9,1,2,3,6 path=0-1-11-10-9-8-2-3-4-5-6-7-12 (0.0s) PASS
NONDEF 57 rank=1535792278 perm=3,2,7,4,5,0,10,11,12,9,8,1,6 path=5-4-12-11-1-0-3-2-10-9-6-7-8 (0.0s) PASS
NONDEF 58 rank=1485356470 perm=3,1,4,6,5,2,10,0,9,12,11,7,8 path=2-3-4-5-0-1-7-6-8-9-10-11-12 (0.0s) PASS
NONDEF 59 rank=2071435469 perm=4,3,11,10,2,12,0,8,5,1,9,7,6 path=0-1-4-5-2-3-10-9-6-7-11-12-8 (0.0s) PASS
NONDEF 60 rank=62550364 perm=0,2,8,4,6,5,11,9,1,3,12,7,10 path=0-1-8-7-12-11-2-3-9-10-6-5-4 (0.0s) PASS
NONDEF 61 rank=1840520989 perm=3,11,1,2,12,9,8,0,10,6,4,7,5 path=0-3-4-1-2-7-8-5-6-11-12-9-10 (0.0s) PASS
NONDEF 62 rank=2481328273 perm=5,2,1,10,11,12,0,4,8,3,6,9,7 path=0-7-8-11-12-10-9-1-2-6-5-4-3 (0.0s) PASS
NONDEF 63 rank=363736714 perm=0,10,2,4,6,3,12,11,5,7,9,1,8 path=0-1-10-9-12-11-2-3-5-4-8-7-6 (0.0s) PASS
NONDEF 64 rank=2578750796 perm=5,4,8,9,3,0,12,2,11,10,6,1,7 path=0-1-2-3-4-7-8-6-5-11-12-10-9 (0.0s) PASS
NONDEF 65 rank=812326443 perm=1,9,4,11,6,12,10,2,0,3,7,8,5 path=0-8-7-9-10-4-3-5-6-1-2-12-11 (0.0s) PASS
NONDEF 66 rank=1546087294 perm=3,2,10,0,8,6,5,7,11,12,9,1,4 path=0-1-2-8-7-5-6-12-11-3-4-10-9 (0.0s) PASS
NONDEF 67 rank=1109491756 perm=2,4,10,9,6,1,3,11,8,0,12,5,7 path=0-1-6-5-9-10-7-8-12-11-4-3-2 (0.0s) PASS
NONDEF 68 rank=291304758 perm=0,8,4,3,10,11,6,12,7,2,1,5,9 path=0-10-9-3-4-12-11-2-1-8-7-5-6 (0.0s) PASS
NONDEF 69 rank=2243362603 perm=4,9,2,3,0,12,8,6,5,11,1,10,7 path=0-8-7-12-11-1-2-3-4-10-9-5-6 (0.0s) PASS
NONDEF 70 rank=1575333622 perm=3,4,7,1,2,11,5,8,0,12,10,6,9 path=0-4-3-8-7-2-1-6-5-9-10-12-11 (0.0s) PASS
NONDEF 71 rank=2770835197 perm=5,10,4,7,9,0,12,2,3,8,1,11,6 path=0-12-11-6-5-10-9-3-4-1-2-8-7 (0.0s) PASS
NONDEF 72 rank=184157869 perm=0,5,8,10,6,4,2,11,12,7,1,9,3 path=0-1-4-5-12-11-3-2-9-8-7-6-10 (0.0s) PASS
NONDEF 73 rank=580941913 perm=1,3,8,0,12,5,4,10,9,2,6,11,7 path=2-3-0-1-9-8-7-6-5-4-11-10-12 (0.0s) PASS
NONDEF 74 rank=459297585 perm=0,12,6,7,9,3,5,2,11,4,8,10,1 path=0-1-8-7-12-11-4-3-10-9-5-6-2 (0.0s) PASS
NONDEF 75 rank=2071244259 perm=4,3,11,9,10,1,2,0,12,5,7,8,6 path=0-1-6-7-5-4-3-2-8-9-12-11-10 (0.0s) PASS
NONDEF 76 rank=602853666 perm=1,4,2,3,6,10,11,9,7,12,0,5,8 path=0-2-1-3-4-11-12-8-7-5-6-9-10 (0.0s) PASS
NONDEF 77 rank=1605371831 perm=3,5,2,6,12,10,1,0,8,11,9,7,4 path=0-2-1-3-4-9-10-5-6-7-8-11-12 (0.0s) PASS
NONDEF 78 rank=1215717343 perm=2,7,6,0,3,10,11,4,12,5,1,9,8 path=0-1-12-11-5-4-7-6-8-9-2-3-10 (0.0s) PASS
NONDEF 79 rank=326505422 perm=0,9,2,12,8,10,7,6,4,5,3,1,11 path=0-1-5-4-6-7-9-8-10-11-2-3-12 (0.0s) PASS
NONDEF 80 rank=1002575376 perm=2,1,3,5,11,7,9,10,12,0,4,6,8 path=0-1-9-10-2-3-11-12-5-4-8-7-6 (0.0s) PASS
NONDEF 81 rank=727956118 perm=1,7,3,9,0,6,11,2,12,10,8,4,5 path=0-4-3-9-10-1-2-7-8-6-5-12-11 (0.0s) PASS
NONDEF 82 rank=149228224 perm=0,4,10,2,5,1,11,7,8,9,12,3,6 path=0-1-11-10-6-7-8-9-2-3-5-4-12 (0.0s) PASS
NONDEF 83 rank=86839280 perm=0,3,2,12,5,10,1,4,9,7,8,6,11 path=0-1-7-6-2-3-12-11-4-5-8-9-10 (0.0s) PASS
NONDEF 84 rank=609663227 perm=1,4,5,0,2,9,12,7,11,6,10,8,3 path=0-3-4-12-11-7-8-6-5-10-9-2-1 (0.0s) PASS
NONDEF 85 rank=2623068640 perm=5,6,9,11,4,2,0,12,3,8,10,1,7 path=0-1-2-10-9-12-11-6-5-8-7-3-4 (0.0s) PASS
NONDEF 86 rank=411975897 perm=0,11,4,7,3,9,2,10,6,5,8,12,1 path=0-1-11-12-6-5-7-8-9-10-3-2-4 (0.0s) PASS
NONDEF 87 rank=1328253596 perm=2,10,4,0,5,11,6,8,12,9,3,1,7 path=0-1-9-8-5-4-6-7-12-11-3-2-10 (0.0s) PASS
NONDEF 88 rank=2053493188 perm=4,3,6,11,10,12,0,9,2,1,8,5,7 path=0-1-8-7-4-3-5-6-9-10-12-11-2 (0.0s) PASS
NONDEF 89 rank=2443073730 perm=5,1,3,4,8,0,11,12,9,10,2,6,7 path=0-11-12-4-3-2-1-5-6-7-8-9-10 (0.0s) PASS
NONDEF 90 rank=423746265 perm=0,11,7,9,8,5,6,3,12,2,4,10,1 path=0-1-8-7-10-9-12-11-3-2-4-5-6 (0.0s) PASS
NONDEF 91 rank=2094449660 perm=4,5,7,1,10,9,3,12,0,11,6,2,8 path=0-1-10-9-7-8-3-2-12-11-6-5-4 (0.0s) PASS
NONDEF 92 rank=233018320 perm=0,6,11,3,2,4,10,8,5,9,12,1,7 path=0-1-8-7-12-11-4-3-5-6-9-10-2 (0.0s) PASS
NONDEF 93 rank=2627675182 perm=5,6,11,1,2,8,0,12,3,10,9,4,7 path=0-11-12-1-2-7-8-4-3-6-5-10-9 (0.0s) PASS
NONDEF 94 rank=856142302 perm=1,10,5,12,3,8,6,7,0,11,9,2,4 path=0-8-7-5-6-2-1-10-9-3-4-11-12 (0.0s) PASS
NONDEF 95 rank=1592400882 perm=3,4,11,10,2,0,7,12,5,9,1,6,8 path=0-1-2-7-8-11-12-6-5-10-9-3-4 (0.0s) PASS
NONDEF 96 rank=2103221523 perm=4,5,9,7,12,1,11,0,2,3,8,10,6 path=0-1-12-11-2-3-10-9-8-7-5-4-6 (0.0s) PASS
NONDEF 97 rank=1005499428 perm=2,1,4,0,11,12,9,10,8,6,3,5,7 path=0-1-3-2-10-9-11-12-8-7-6-5-4 (0.0s) PASS
NONDEF 98 rank=2349195084 perm=4,11,10,3,8,9,0,12,6,5,1,2,7 path=0-1-7-8-9-10-6-5-2-3-11-12-4 (0.0s) PASS
NONDEF 99 rank=1507352501 perm=3,1,10,5,11,8,12,0,9,2,7,6,4 path=0-9-10-11-12-3-4-2-1-7-8-5-6 (0.0s) PASS
CERT SUMMARY: ALL PASS (n=13, 100+100 sigma)
