[cert] n=15 deficient sample=100 non-deficient sample=100
DEF 0 rank=191967857386 perm=2,3,12,11,4,1,14,8,9,0,13,6,10,5,7 pc=14(0.0s) cpsat=14[OPTIMAL](0.0s) PASS
DEF 1 rank=146101289752 perm=1,10,7,0,3,9,14,13,2,12,11,6,8,4,5 pc=14(0.0s) cpsat=14[OPTIMAL](0.0s) PASS
DEF 2 rank=191961591820 perm=2,3,12,11,0,7,10,4,6,14,13,1,9,5,8 pc=14(0.0s) cpsat=14[OPTIMAL](0.1s) PASS
DEF 3 rank=88179264873 perm=1,0,4,3,2,13,8,11,14,6,7,9,10,12,5 pc=14(0.0s) cpsat=14[OPTIMAL](0.0s) PASS
DEF 4 rank=109655421175 perm=1,4,9,14,2,0,13,8,3,5,10,7,6,12,11 pc=14(0.0s) cpsat=14[OPTIMAL](0.0s) PASS
DEF 5 rank=193528552678 perm=2,4,1,0,7,6,13,8,9,10,14,12,11,3,5 pc=14(0.0s) cpsat=14[OPTIMAL](0.0s) PASS
DEF 6 rank=279030482181 perm=3,2,12,8,5,6,1,13,14,7,0,11,9,10,4 pc=14(0.0s) cpsat=14[OPTIMAL](0.0s) PASS
DEF 7 rank=124502071620 perm=1,6,14,13,0,7,4,12,11,10,5,8,2,3,9 pc=14(0.0s) cpsat=14[OPTIMAL](0.0s) PASS
DEF 8 rank=2592140326 perm=0,1,7,6,14,5,4,3,10,13,8,12,11,2,9 pc=14(0.0s) cpsat=14[OPTIMAL](0.0s) PASS
DEF 9 rank=187206975502 perm=2,3,0,12,14,5,6,4,7,8,1,13,11,9,10 pc=14(0.0s) cpsat=14[OPTIMAL](0.0s) PASS
DEF 10 rank=100701380561 perm=1,3,4,5,12,10,0,2,11,9,7,13,14,8,6 pc=14(0.0s) cpsat=14[OPTIMAL](0.0s) PASS
DEF 11 rank=458967281779 perm=5,3,11,2,1,0,13,4,14,6,7,12,8,10,9 pc=14(0.0s) cpsat=14[OPTIMAL](0.0s) PASS
DEF 12 rank=88998750945 perm=1,0,5,12,9,10,11,4,6,3,14,7,8,13,2 pc=14(0.0s) cpsat=14[OPTIMAL](0.0s) PASS
DEF 13 rank=259213414 perm=0,1,2,9,8,7,5,14,4,11,12,13,10,3,6 pc=14(0.0s) cpsat=14[OPTIMAL](0.0s) PASS
DEF 14 rank=186890090839 perm=2,3,0,4,14,12,13,11,5,8,9,6,1,10,7 pc=14(0.0s) cpsat=14[OPTIMAL](0.0s) PASS
DEF 15 rank=466193613640 perm=5,4,13,3,1,8,10,9,14,0,6,11,12,2,7 pc=14(0.0s) cpsat=14[OPTIMAL](0.0s) PASS
DEF 16 rank=288542460112 perm=3,5,6,7,10,9,12,0,1,13,14,8,11,2,4 pc=14(0.0s) cpsat=14[OPTIMAL](0.0s) PASS
DEF 17 rank=188418544575 perm=2,3,5,7,6,0,14,13,12,1,4,10,9,11,8 pc=14(0.0s) cpsat=14[OPTIMAL](0.0s) PASS
DEF 18 rank=296817437647 perm=3,6,10,9,13,14,2,7,11,1,0,5,4,12,8 pc=14(0.0s) cpsat=14[OPTIMAL](0.0s) PASS
DEF 19 rank=192820625303 perm=2,3,14,8,9,1,13,7,10,0,4,12,11,6,5 pc=14(0.0s) cpsat=14[OPTIMAL](0.0s) PASS
DEF 20 rank=154497972830 perm=1,11,12,7,6,5,14,13,8,9,10,3,2,0,4 pc=14(0.0s) cpsat=14[OPTIMAL](0.0s) PASS
DEF 21 rank=192124316015 perm=2,3,13,1,4,7,0,14,12,10,9,11,8,6,5 pc=14(0.0s) cpsat=14[OPTIMAL](0.0s) PASS
DEF 22 rank=597828259 perm=0,1,3,5,14,11,8,2,12,4,6,13,7,10,9 pc=14(0.0s) cpsat=14[OPTIMAL](0.0s) PASS
DEF 23 rank=89220521824 perm=1,0,6,5,3,12,13,9,8,7,10,11,14,2,4 pc=14(0.0s) cpsat=14[OPTIMAL](0.0s) PASS
DEF 24 rank=191864414062 perm=2,3,12,8,9,10,14,0,1,13,4,11,7,5,6 pc=14(0.0s) cpsat=14[OPTIMAL](0.0s) PASS
DEF 25 rank=269841696439 perm=3,1,6,7,2,4,9,10,0,14,12,8,5,13,11 pc=14(0.0s) cpsat=14[OPTIMAL](0.0s) PASS
DEF 26 rank=88572197110 perm=1,0,4,13,14,3,6,2,10,8,9,12,11,5,7 pc=14(0.0s) cpsat=14[OPTIMAL](0.0s) PASS
DEF 27 rank=125546361689 perm=1,7,3,2,5,6,4,0,10,13,12,11,14,9,8 pc=14(0.0s) cpsat=14[OPTIMAL](0.0s) PASS
DEF 28 rank=192610396635 perm=2,3,14,1,6,5,10,9,8,12,11,0,7,13,4 pc=14(0.0s) cpsat=14[OPTIMAL](0.0s) PASS
DEF 29 rank=279422634311 perm=3,2,13,6,1,7,12,11,14,0,8,10,9,5,4 pc=14(0.0s) cpsat=14[OPTIMAL](0.0s) PASS
DEF 30 rank=88350363546 perm=1,0,4,8,6,14,13,5,2,7,10,12,3,9,11 pc=14(0.0s) cpsat=14[OPTIMAL](0.0s) PASS
DEF 31 rank=114000656287 perm=1,5,4,14,13,8,3,2,11,12,0,7,6,10,9 pc=14(0.0s) cpsat=14[OPTIMAL](0.0s) PASS
DEF 32 rank=144785785583 perm=1,10,4,5,3,0,13,7,8,14,2,12,11,9,6 pc=14(0.0s) cpsat=14[OPTIMAL](0.0s) PASS
DEF 33 rank=24656549158 perm=0,4,14,7,10,9,12,6,5,1,13,11,8,2,3 pc=14(0.0s) cpsat=14[OPTIMAL](0.0s) PASS
DEF 34 rank=1137790143 perm=0,1,4,7,9,10,8,2,3,5,12,13,11,14,6 pc=14(0.0s) cpsat=14[OPTIMAL](0.0s) PASS
DEF 35 rank=3669805009 perm=0,1,9,10,14,4,13,12,11,5,6,2,3,8,7 pc=14(0.0s) cpsat=14[OPTIMAL](0.0s) PASS
DEF 36 rank=2509954984 perm=0,1,7,4,13,10,11,12,14,6,5,8,9,2,3 pc=14(0.0s) cpsat=14[OPTIMAL](0.0s) PASS
DEF 37 rank=30630699656 perm=0,5,13,14,4,12,11,10,8,3,6,2,7,1,9 pc=14(0.0s) cpsat=14[OPTIMAL](0.0s) PASS
DEF 38 rank=89244423934 perm=1,0,6,5,12,7,11,4,14,10,9,13,8,2,3 pc=14(0.0s) cpsat=14[OPTIMAL](0.0s) PASS
DEF 39 rank=278687810401 perm=3,2,11,12,9,13,14,0,6,5,1,4,7,10,8 pc=14(0.0s) cpsat=14[OPTIMAL](0.0s) PASS
DEF 40 rank=191513911723 perm=2,3,11,12,13,1,0,4,5,6,8,14,7,10,9 pc=14(0.0s) cpsat=14[OPTIMAL](0.0s) PASS
DEF 41 rank=103750693249 perm=1,3,10,9,2,14,0,13,4,5,8,6,7,12,11 pc=14(0.0s) cpsat=14[OPTIMAL](0.0s) PASS
DEF 42 rank=310273354670 perm=3,8,12,11,0,1,4,10,7,13,14,6,5,2,9 pc=14(0.0s) cpsat=14[OPTIMAL](0.0s) PASS
DEF 43 rank=114030634288 perm=1,5,6,0,11,12,13,9,10,14,7,4,8,2,3 pc=14(0.0s) cpsat=14[OPTIMAL](0.0s) PASS
DEF 44 rank=3657063856 perm=0,1,9,10,8,12,13,14,11,4,2,6,7,3,5 pc=14(0.0s) cpsat=14[OPTIMAL](0.0s) PASS
DEF 45 rank=87497221555 perm=1,0,2,10,14,12,11,13,8,7,9,6,3,5,4 pc=14(0.0s) cpsat=14[OPTIMAL](0.0s) PASS
DEF 46 rank=152202414688 perm=1,11,6,10,14,13,0,5,9,7,8,4,12,2,3 pc=14(0.0s) cpsat=14[OPTIMAL](0.0s) PASS
DEF 47 rank=262420264 perm=0,1,2,9,10,6,4,8,11,12,7,13,14,3,5 pc=14(0.0s) cpsat=14[OPTIMAL](0.0s) PASS
DEF 48 rank=187598069640 perm=2,3,1,10,11,14,13,12,4,7,0,5,6,8,9 pc=14(0.0s) cpsat=14[OPTIMAL](0.0s) PASS
DEF 49 rank=6708723838 perm=0,2,3,1,4,12,8,14,13,11,10,9,7,5,6 pc=14(0.0s) cpsat=14[OPTIMAL](0.0s) PASS
DEF 50 rank=43357513191 perm=0,7,14,8,3,2,11,4,5,6,13,10,9,12,1 pc=14(0.0s) cpsat=14[OPTIMAL](0.0s) PASS
DEF 51 rank=190666949807 perm=2,3,10,0,9,12,1,4,5,6,8,14,13,11,7 pc=14(0.0s) cpsat=14[OPTIMAL](0.0s) PASS
DEF 52 rank=374961682943 perm=4,5,2,12,9,6,13,14,3,1,0,11,10,8,7 pc=14(0.0s) cpsat=14[OPTIMAL](0.0s) PASS
DEF 53 rank=88665504574 perm=1,0,5,3,6,13,8,7,2,4,12,14,11,9,10 pc=14(0.0s) cpsat=14[OPTIMAL](0.0s) PASS
DEF 54 rank=187855372297 perm=2,3,4,5,1,14,0,9,8,7,13,6,10,12,11 pc=14(0.0s) cpsat=14[OPTIMAL](0.0s) PASS
DEF 55 rank=706572859 perm=0,1,3,8,11,12,4,5,2,7,6,14,9,13,10 pc=14(0.0s) cpsat=14[OPTIMAL](0.0s) PASS
DEF 56 rank=375856443377 perm=4,5,6,10,14,13,8,3,1,0,2,11,12,9,7 pc=14(0.0s) cpsat=14[OPTIMAL](0.0s) PASS
DEF 57 rank=3663514129 perm=0,1,9,10,12,7,8,14,11,2,5,3,4,13,6 pc=14(0.0s) cpsat=14[OPTIMAL](0.0s) PASS
DEF 58 rank=89803941484 perm=1,0,7,8,12,9,10,4,5,11,2,3,14,6,13 pc=14(0.0s) cpsat=14[OPTIMAL](0.0s) PASS
DEF 59 rank=35206340977 perm=0,6,10,7,14,13,3,2,1,11,12,4,5,9,8 pc=14(0.0s) cpsat=14[OPTIMAL](0.0s) PASS
DEF 60 rank=2585568838 perm=0,1,7,6,12,9,3,4,11,13,14,10,8,2,5 pc=14(0.0s) cpsat=14[OPTIMAL](0.0s) PASS
DEF 61 rank=22661853566 perm=0,4,10,5,11,14,13,12,6,7,8,3,2,1,9 pc=14(0.0s) cpsat=14[OPTIMAL](0.0s) PASS
DEF 62 rank=105972615241 perm=1,4,0,5,13,6,3,2,10,14,7,8,9,12,11 pc=14(0.0s) cpsat=14[OPTIMAL](0.0s) PASS
DEF 63 rank=124146850 perm=0,1,2,6,4,7,5,3,10,9,8,12,14,11,13 pc=14(0.0s) cpsat=14[OPTIMAL](0.0s) PASS
DEF 64 rank=275855726806 perm=3,2,5,13,11,7,6,14,0,12,4,10,9,1,8 pc=14(0.0s) cpsat=14[OPTIMAL](0.0s) PASS
DEF 65 rank=194591095324 perm=2,4,5,3,14,0,13,1,8,7,6,9,12,10,11 pc=14(0.0s) cpsat=14[OPTIMAL](0.0s) PASS
DEF 66 rank=88720008414 perm=1,0,5,4,10,13,9,2,6,14,8,7,3,11,12 pc=14(0.0s) cpsat=14[OPTIMAL](0.0s) PASS
DEF 67 rank=2099451467 perm=0,1,6,7,10,9,8,12,13,11,14,3,5,4,2 pc=14(0.0s) cpsat=14[OPTIMAL](0.0s) PASS
DEF 68 rank=206848604832 perm=2,6,3,12,14,13,4,9,10,11,7,0,1,5,8 pc=14(0.0s) cpsat=14[OPTIMAL](0.0s) PASS
DEF 69 rank=192855066582 perm=2,3,14,9,6,10,12,11,1,0,13,5,4,7,8 pc=14(0.0s) cpsat=14[OPTIMAL](0.0s) PASS
DEF 70 rank=155548474265 perm=1,11,14,9,10,13,12,0,5,6,4,7,8,3,2 pc=14(0.0s) cpsat=14[OPTIMAL](0.0s) PASS
DEF 71 rank=292083018485 perm=3,5,13,11,4,2,8,7,14,0,1,6,12,10,9 pc=14(0.0s) cpsat=14[OPTIMAL](0.0s) PASS
DEF 72 rank=2043873227 perm=0,1,6,5,4,7,9,8,10,13,14,3,12,11,2 pc=14(0.0s) cpsat=14[OPTIMAL](0.0s) PASS
DEF 73 rank=3928793903 perm=0,1,10,4,7,11,12,5,9,3,2,14,13,8,6 pc=14(0.0s) cpsat=14[OPTIMAL](0.0s) PASS
DEF 74 rank=296817374158 perm=3,6,10,9,13,14,1,0,2,12,11,8,7,4,5 pc=14(0.0s) cpsat=14[OPTIMAL](0.0s) PASS
DEF 75 rank=230926668462 perm=2,10,1,3,5,4,14,13,7,12,11,6,0,8,9 pc=14(0.0s) cpsat=14[OPTIMAL](0.0s) PASS
DEF 76 rank=88387713382 perm=1,0,4,9,6,5,13,10,12,2,3,14,11,7,8 pc=14(0.0s) cpsat=14[OPTIMAL](0.0s) PASS
DEF 77 rank=3943735328 perm=0,1,10,4,12,11,13,14,3,5,2,7,8,6,9 pc=14(0.0s) cpsat=14[OPTIMAL](0.0s) PASS
DEF 78 rank=278492026656 perm=3,2,11,6,12,14,5,4,8,7,13,0,1,9,10 pc=14(0.0s) cpsat=14[OPTIMAL](0.0s) PASS
DEF 79 rank=189434251249 perm=2,3,7,8,12,0,1,4,14,11,9,5,6,13,10 pc=14(0.0s) cpsat=14[OPTIMAL](0.0s) PASS
DEF 80 rank=397399730401 perm=4,8,12,9,10,11,1,0,14,2,3,5,6,13,7 pc=14(0.0s) cpsat=14[OPTIMAL](0.0s) PASS
DEF 81 rank=93435614662 perm=1,2,0,3,12,7,9,10,8,4,5,14,13,6,11 pc=14(0.0s) cpsat=14[OPTIMAL](0.0s) PASS
DEF 82 rank=87361730662 perm=1,0,2,7,10,9,8,11,13,3,4,14,12,5,6 pc=14(0.0s) cpsat=14[OPTIMAL](0.0s) PASS
DEF 83 rank=470770710745 perm=5,6,9,12,11,10,13,14,0,3,2,1,4,8,7 pc=14(0.0s) cpsat=14[OPTIMAL](0.0s) PASS
DEF 84 rank=100126621138 perm=1,3,2,0,8,6,5,7,4,12,11,10,14,9,13 pc=14(0.0s) cpsat=14[OPTIMAL](0.0s) PASS
DEF 85 rank=79544774 perm=0,1,2,4,14,13,5,11,9,12,3,8,7,6,10 pc=14(0.0s) cpsat=14[OPTIMAL](0.0s) PASS
DEF 86 rank=89506810805 perm=1,0,6,13,5,10,11,14,12,2,3,4,9,8,7 pc=14(0.0s) cpsat=14[OPTIMAL](0.0s) PASS
DEF 87 rank=165431325451 perm=1,13,8,5,6,7,4,9,11,12,10,14,0,3,2 pc=14(0.0s) cpsat=14[OPTIMAL](0.0s) PASS
DEF 88 rank=277444853209 perm=3,2,9,4,10,6,11,12,14,13,5,0,1,8,7 pc=14(0.0s) cpsat=14[OPTIMAL](0.0s) PASS
DEF 89 rank=107032675794 perm=1,4,3,8,7,6,9,5,0,2,14,13,10,11,12 pc=14(0.0s) cpsat=14[OPTIMAL](0.0s) PASS
DEF 90 rank=192000488698 perm=2,3,12,13,0,4,11,14,1,7,8,6,10,5,9 pc=14(0.0s) cpsat=14[OPTIMAL](0.0s) PASS
DEF 91 rank=88434270391 perm=1,0,4,10,8,3,5,7,6,12,9,11,2,14,13 pc=14(0.0s) cpsat=14[OPTIMAL](0.0s) PASS
DEF 92 rank=88599374303 perm=1,0,4,14,9,10,3,2,13,8,5,12,11,7,6 pc=14(0.0s) cpsat=14[OPTIMAL](0.0s) PASS
DEF 93 rank=275149088972 perm=3,2,4,8,0,12,5,6,7,10,13,14,9,1,11 pc=14(0.0s) cpsat=14[OPTIMAL](0.0s) PASS
DEF 94 rank=49336760730 perm=0,8,13,14,12,10,9,11,6,5,4,7,1,2,3 pc=14(0.0s) cpsat=14[OPTIMAL](0.0s) PASS
DEF 95 rank=148954845703 perm=1,10,13,14,7,12,6,5,11,0,9,3,2,8,4 pc=14(0.0s) cpsat=14[OPTIMAL](0.0s) PASS
DEF 96 rank=250396994885 perm=2,13,3,10,14,8,12,11,5,0,1,4,9,7,6 pc=14(0.0s) cpsat=14[OPTIMAL](0.0s) PASS
DEF 97 rank=86323761 perm=0,1,2,5,4,12,13,14,10,3,9,7,8,11,6 pc=13(0.0s) cpsat=13[OPTIMAL](0.0s) PASS
DEF 98 rank=54809947001 perm=0,9,12,6,2,3,8,11,7,5,4,13,14,10,1 pc=14(0.0s) cpsat=14[OPTIMAL](0.0s) PASS
DEF 99 rank=276326187415 perm=3,2,6,13,9,0,14,1,8,7,10,5,4,12,11 pc=14(0.0s) cpsat=14[OPTIMAL](0.0s) PASS
NONDEF 0 rank=366150661090 perm=4,2,12,6,13,5,0,9,10,14,1,7,11,3,8 path=0-1-13-12-2-3-5-4-9-8-7-6-10-11-14 (0.0s) PASS
NONDEF 1 rank=97113970856 perm=1,2,9,11,14,0,3,10,4,5,8,7,12,6,13 path=0-5-6-1-2-7-8-9-10-11-12-3-4-14-13 (0.0s) PASS
NONDEF 2 rank=32987183116 perm=0,6,4,13,7,5,12,9,1,2,11,3,14,8,10 path=0-1-5-6-10-9-8-7-14-13-4-3-12-11-2 (0.0s) PASS
NONDEF 3 rank=237270135317 perm=2,11,1,6,3,5,13,14,10,8,9,0,12,7,4 path=0-1-12-11-2-3-5-4-14-13-9-10-8-7-6 (0.0s) PASS
NONDEF 4 rank=120883978486 perm=1,6,7,5,8,4,13,10,3,11,2,14,12,0,9 path=0-13-14-7-8-10-9-12-11-6-5-3-4-2-1 (0.0s) PASS
NONDEF 5 rank=593346500649 perm=6,12,3,10,8,4,14,0,5,1,2,9,11,13,7 path=0-1-12-11-3-2-10-9-7-6-13-14-4-5-8 (0.0s) PASS
NONDEF 6 rank=601694316125 perm=6,13,9,1,10,12,3,0,14,4,2,5,11,8,7 path=0-1-8-9-11-10-6-7-3-2-4-5-12-13-14 (0.0s) PASS
NONDEF 7 rank=570237368776 perm=6,8,9,5,11,1,3,14,0,10,2,12,13,4,7 path=0-1-14-13-3-2-9-8-5-4-11-10-6-7-12 (0.0s) PASS
NONDEF 8 rank=27449224503 perm=0,5,7,4,11,3,12,6,10,14,8,9,2,13,1 path=0-1-7-6-4-5-3-2-10-9-13-14-12-11-8 (0.0s) PASS
NONDEF 9 rank=271938307670 perm=3,1,10,11,8,14,0,9,5,13,12,6,4,2,7 path=0-12-11-8-7-2-1-6-5-9-10-3-4-14-13 (0.0s) PASS
NONDEF 10 rank=222837944440 perm=2,8,12,3,9,1,10,11,14,0,5,7,13,4,6 path=0-1-11-10-14-13-3-2-7-6-4-5-9-8-12 (0.0s) PASS
NONDEF 11 rank=227808744427 perm=2,9,8,10,0,14,12,5,7,13,4,11,1,6,3 path=0-1-3-2-8-7-13-14-10-9-5-4-12-11-6 (0.0s) PASS
NONDEF 12 rank=366737037869 perm=4,2,13,9,7,12,14,8,3,0,5,1,11,10,6 path=0-1-8-7-4-3-13-14-10-9-11-12-5-6-2 (0.0s) PASS
NONDEF 13 rank=580156176640 perm=6,10,2,3,1,8,14,0,9,11,5,12,13,4,7 path=0-10-9-11-12-6-5-14-13-3-4-2-1-8-7 (0.0s) PASS
NONDEF 14 rank=399075300017 perm=4,9,1,2,11,7,8,14,3,0,5,12,13,10,6 path=0-1-13-14-10-9-2-3-8-7-12-11-4-5-6 (0.0s) PASS
NONDEF 15 rank=474901302716 perm=5,7,3,8,4,0,12,1,14,10,13,11,6,2,9 path=0-4-3-1-2-13-14-9-10-8-7-5-6-11-12 (0.0s) PASS
NONDEF 16 rank=232515596015 perm=2,10,5,7,0,1,11,13,12,9,8,14,6,4,3 path=0-14-13-2-1-9-10-3-4-5-6-8-7-11-12 (0.0s) PASS
NONDEF 17 rank=48933875480 perm=0,8,13,2,12,11,7,10,3,14,6,4,5,1,9 path=0-1-6-5-4-3-13-14-7-8-11-12-10-9-2 (0.0s) PASS
NONDEF 18 rank=383364245446 perm=4,6,9,5,0,14,1,12,7,13,3,11,10,2,8 path=0-1-3-2-12-11-7-6-4-5-9-8-14-13-10 (0.0s) PASS
NONDEF 19 rank=74242707310 perm=0,12,13,14,11,3,10,9,8,2,5,7,6,1,4 path=2-3-4-1-0-13-14-5-6-7-8-11-12-10-9 (0.0s) PASS
NONDEF 20 rank=390229418648 perm=4,7,10,11,0,12,8,14,13,6,1,3,5,2,9 path=0-1-6-7-8-9-12-11-13-14-2-3-5-4-10 (0.0s) PASS
NONDEF 21 rank=387943078225 perm=4,7,3,13,11,10,1,0,14,12,5,2,6,9,8 path=0-1-14-13-5-4-9-10-12-11-2-3-8-7-6 (0.0s) PASS
NONDEF 22 rank=531598841924 perm=6,1,5,12,10,4,14,0,9,13,3,11,7,2,8 path=0-1-7-6-9-8-4-5-2-3-11-10-13-12-14 (0.0s) PASS
NONDEF 23 rank=325418390028 perm=3,11,4,6,7,9,13,8,14,0,12,5,1,2,10 path=0-2-1-10-9-12-11-3-4-7-8-6-5-14-13 (0.0s) PASS
NONDEF 24 rank=561766579530 perm=6,7,2,12,5,13,0,11,14,4,9,10,1,3,8 path=0-1-14-13-2-3-7-6-12-11-10-9-4-5-8 (0.0s) PASS
NONDEF 25 rank=511713018710 perm=5,13,2,4,8,6,14,0,11,12,10,7,3,1,9 path=0-3-4-14-13-7-8-10-9-1-2-12-11-5-6 (0.0s) PASS
NONDEF 26 rank=268541862250 perm=3,1,2,10,8,14,6,7,9,12,0,5,13,4,11 path=0-2-1-10-9-12-11-13-14-3-4-8-7-6-5 (0.0s) PASS
NONDEF 27 rank=530664054682 perm=6,1,3,13,4,11,12,14,0,5,9,7,10,2,8 path=0-1-8-7-3-2-13-14-11-12-10-9-4-5-6 (0.0s) PASS
NONDEF 28 rank=508284407626 perm=5,12,9,1,8,7,10,0,14,2,13,4,11,3,6 path=0-11-12-1-2-4-3-7-8-10-9-13-14-5-6 (0.0s) PASS
NONDEF 29 rank=313978901691 perm=3,9,6,7,13,1,11,2,0,14,8,4,10,12,5 path=0-7-8-5-6-12-11-14-13-4-3-2-1-10-9 (0.0s) PASS
NONDEF 30 rank=197775552924 perm=2,4,11,13,9,8,5,10,0,14,7,6,1,3,12 path=0-1-13-14-2-3-9-8-12-11-6-7-4-5-10 (0.0s) PASS
NONDEF 31 rank=282662229220 perm=3,4,7,1,6,2,8,14,11,9,13,0,12,5,10 path=0-1-2-6-5-3-4-13-14-9-10-7-8-12-11 (0.0s) PASS
NONDEF 32 rank=129432920698 perm=1,7,12,3,9,4,6,14,0,8,10,5,13,2,11 path=0-8-7-12-11-5-6-1-2-14-13-3-4-9-10 (0.0s) PASS
NONDEF 33 rank=34946947567 perm=0,6,9,14,7,5,4,12,2,3,1,10,8,13,11 path=0-1-5-4-12-11-2-3-13-14-7-6-9-8-10 (0.0s) PASS
NONDEF 34 rank=601375022137 perm=6,13,8,5,10,12,3,0,14,2,11,1,4,9,7 path=0-1-8-7-11-12-3-2-14-13-4-5-10-9-6 (0.0s) PASS
NONDEF 35 rank=147666706261 perm=1,10,11,4,5,14,12,8,7,6,3,9,0,13,2 path=1-0-12-11-7-6-2-3-4-5-13-14-10-9-8 (0.0s) PASS
NONDEF 36 rank=48429852124 perm=0,8,12,2,4,14,10,3,9,7,1,5,13,6,11 path=0-1-9-8-6-7-4-5-12-11-13-14-2-3-10 (0.0s) PASS
NONDEF 37 rank=204097989039 perm=2,5,12,1,0,14,7,3,11,6,8,10,9,13,4 path=0-1-9-8-2-3-4-5-13-12-11-10-6-7-14 (0.0s) PASS
NONDEF 38 rank=161750971616 perm=1,12,14,9,3,4,5,11,10,2,7,6,8,0,13 path=0-9-10-12-11-6-5-4-3-8-7-1-2-14-13 (0.0s) PASS
NONDEF 39 rank=599919061126 perm=6,13,4,7,2,10,0,14,11,3,5,12,9,1,8 path=0-1-7-6-13-12-5-4-9-8-11-10-2-3-14 (0.0s) PASS
NONDEF 40 rank=130040411516 perm=1,7,13,6,11,9,5,8,14,4,12,10,2,0,3 path=0-13-14-12-11-4-3-1-2-8-7-5-6-9-10 (0.0s) PASS
NONDEF 41 rank=96317446429 perm=1,2,8,0,14,9,3,10,7,4,13,11,5,12,6 path=0-3-4-10-9-12-11-13-14-8-7-5-6-1-2 (0.0s) PASS
NONDEF 42 rank=390797175553 perm=4,7,11,13,3,2,5,6,0,14,10,1,8,12,9 path=0-1-12-11-8-7-6-5-4-3-9-10-14-13-2 (0.0s) PASS
NONDEF 43 rank=223511485222 perm=2,8,13,9,5,11,10,6,14,3,0,12,7,1,4 path=0-1-12-11-5-4-7-6-3-2-8-9-14-13-10 (0.0s) PASS
NONDEF 44 rank=459509384440 perm=5,3,12,4,10,7,11,0,14,6,2,9,13,1,8 path=0-3-4-6-5-9-10-1-2-12-11-14-13-7-8 (0.0s) PASS
NONDEF 45 rank=407424392525 perm=4,10,6,8,13,2,5,11,0,14,1,3,12,9,7 path=0-1-13-14-3-2-6-5-11-12-7-8-10-9-4 (0.0s) PASS
NONDEF 46 rank=483024805812 perm=5,8,9,4,12,10,13,14,0,11,1,6,2,3,7 path=0-3-4-9-10-8-7-6-5-2-1-14-13-12-11 (0.0s) PASS
NONDEF 47 rank=475906113979 perm=5,7,6,9,4,14,11,0,2,13,1,12,3,10,8 path=0-2-1-14-13-3-4-12-11-6-5-9-10-7-8 (0.0s) PASS
NONDEF 48 rank=596929293562 perm=6,12,13,2,4,10,0,14,11,3,8,5,9,1,7 path=0-1-8-7-2-3-9-10-14-13-6-5-12-11-4 (0.0s) PASS
NONDEF 49 rank=242656655296 perm=2,11,14,8,0,9,10,3,12,5,1,7,13,4,6 path=0-1-8-9-14-13-7-6-5-4-10-11-3-2-12 (0.0s) PASS
NONDEF 50 rank=166355485578 perm=1,13,10,4,8,2,3,0,12,9,5,14,6,7,11 path=2-3-10-9-4-5-6-7-0-1-11-12-13-14-8 (0.0s) PASS
NONDEF 51 rank=172028764526 perm=1,14,9,2,10,7,3,6,5,11,12,8,4,0,13 path=0-13-14-1-2-11-12-8-7-5-6-3-4-9-10 (0.0s) PASS
NONDEF 52 rank=403697502613 perm=4,9,12,11,6,2,0,13,10,14,1,7,3,8,5 path=0-1-8-7-9-10-6-5-12-11-13-14-4-3-2 (0.0s) PASS
NONDEF 53 rank=108114978849 perm=1,4,6,11,8,9,14,0,10,13,2,5,7,12,3 path=0-7-8-5-6-9-10-14-13-3-4-12-11-1-2 (0.0s) PASS
NONDEF 54 rank=463578565613 perm=5,4,7,12,9,13,2,3,0,14,8,1,11,10,6 path=0-1-2-10-9-5-6-7-8-11-12-3-4-13-14 (0.0s) PASS
NONDEF 55 rank=596548268818 perm=6,12,11,4,10,9,0,14,8,2,5,3,13,1,7 path=0-1-2-3-10-9-11-12-7-8-14-13-6-5-4 (0.0s) PASS
NONDEF 56 rank=134458893884 perm=1,8,9,11,6,3,10,14,13,7,2,12,4,0,5 path=1-0-13-14-12-11-3-2-6-7-8-9-4-5-10 (0.0s) PASS
NONDEF 57 rank=164078775142 perm=1,13,5,8,7,11,2,0,9,12,3,14,10,4,6 path=0-7-8-3-4-14-13-2-1-9-10-6-5-12-11 (0.0s) PASS
NONDEF 58 rank=334868643863 perm=3,12,11,1,2,13,4,14,5,9,0,10,8,7,6 path=2-1-0-4-3-10-9-11-12-13-14-8-7-5-6 (0.0s) PASS
NONDEF 59 rank=123212950304 perm=1,6,12,3,11,2,13,9,14,7,10,4,5,0,8 path=0-13-14-9-10-7-8-6-5-3-4-2-1-12-11 (0.0s) PASS
NONDEF 60 rank=412772069317 perm=4,11,3,10,12,14,1,7,0,9,5,8,2,13,6 path=0-1-4-3-9-10-14-13-5-6-8-7-11-12-2 (0.0s) PASS
NONDEF 61 rank=443208180333 perm=5,1,3,6,7,4,14,9,0,2,12,13,10,11,8 path=0-3-4-14-13-10-9-1-2-5-6-11-12-7-8 (0.0s) PASS
NONDEF 62 rank=212680043026 perm=2,7,3,0,1,14,5,11,6,10,13,8,12,4,9 path=0-1-11-10-5-4-3-2-13-12-7-6-8-9-14 (0.0s) PASS
NONDEF 63 rank=130012010413 perm=1,7,13,6,0,12,4,3,11,10,2,9,5,14,8 path=0-4-3-1-2-13-14-11-12-6-5-8-7-10-9 (0.0s) PASS
NONDEF 64 rank=194957070426 perm=2,4,6,0,1,14,8,12,7,13,9,11,3,5,10 path=0-1-12-11-7-6-8-9-5-4-3-2-13-14-10 (0.0s) PASS
NONDEF 65 rank=208413911572 perm=2,6,8,1,4,5,13,12,10,0,9,3,14,7,11 path=0-1-5-4-11-10-8-9-3-2-13-12-6-7-14 (0.0s) PASS
NONDEF 66 rank=357873792363 perm=4,1,8,2,9,7,5,0,13,14,3,6,11,12,10 path=0-1-7-6-11-12-13-14-4-5-2-3-10-9-8 (0.0s) PASS
NONDEF 67 rank=368145457825 perm=4,3,1,9,13,0,5,11,10,14,6,2,7,12,8 path=0-1-11-12-14-13-7-6-10-9-4-5-2-3-8 (0.0s) PASS
NONDEF 68 rank=62819590837 perm=0,11,2,3,12,6,14,8,7,10,4,9,1,13,5 path=0-1-4-5-14-13-6-7-8-9-11-10-3-2-12 (0.0s) PASS
NONDEF 69 rank=532482083564 perm=6,1,8,10,12,11,13,14,0,4,3,9,5,2,7 path=0-1-8-7-6-5-4-3-11-12-9-10-13-14-2 (0.0s) PASS
NONDEF 70 rank=555740597995 perm=6,5,3,2,9,4,0,14,11,10,13,12,1,8,7 path=0-14-13-4-3-2-1-5-6-12-11-8-7-10-9 (0.0s) PASS
NONDEF 71 rank=234696897581 perm=2,10,9,14,8,1,11,6,12,3,13,0,7,5,4 path=0-1-2-3-10-9-14-13-7-8-6-5-11-12-4 (0.0s) PASS
NONDEF 72 rank=196633480997 perm=2,4,9,8,0,14,3,7,10,13,11,1,12,6,5 path=0-1-6-7-3-2-8-9-5-4-11-10-12-13-14 (0.0s) PASS
NONDEF 73 rank=459429343414 perm=5,3,12,1,10,7,0,14,11,4,9,13,8,2,6 path=0-9-10-4-3-6-5-12-11-7-8-2-1-13-14 (0.0s) PASS
NONDEF 74 rank=307135226024 perm=3,8,5,2,7,4,9,0,14,12,13,6,10,1,11 path=0-5-6-12-11-2-1-4-3-13-14-9-10-8-7 (0.0s) PASS
NONDEF 75 rank=400020514810 perm=4,9,3,1,6,14,5,11,12,7,0,8,13,2,10 path=0-1-14-13-2-3-10-9-11-12-5-4-6-7-8 (0.0s) PASS
NONDEF 76 rank=234993822653 perm=2,10,11,8,0,14,13,9,5,3,6,1,12,7,4 path=0-1-7-6-5-4-11-10-8-9-14-13-3-2-12 (0.0s) PASS
NONDEF 77 rank=298367661858 perm=3,6,13,12,10,1,4,8,14,5,0,11,2,7,9 path=0-6-5-10-9-1-2-8-7-13-14-4-3-11-12 (0.0s) PASS
NONDEF 78 rank=92592315759 perm=1,0,13,5,9,14,8,6,3,10,4,11,7,12,2 path=0-1-2-5-6-4-3-10-9-11-12-7-8-14-13 (0.0s) PASS
NONDEF 79 rank=284555325588 perm=3,4,11,0,10,13,2,9,14,12,8,6,1,5,7 path=0-1-2-9-10-14-13-11-12-3-4-7-8-5-6 (0.0s) PASS
NONDEF 80 rank=580122260423 perm=6,10,2,1,5,3,8,14,0,12,4,13,11,9,7 path=0-1-13-12-9-8-3-2-5-4-10-11-7-6-14 (0.0s) PASS
NONDEF 81 rank=86593927559 perm=0,14,12,10,4,13,7,9,8,6,11,5,3,2,1 path=0-14-13-12-11-4-3-7-8-6-5-1-2-10-9 (0.0s) PASS
NONDEF 82 rank=864789382 perm=0,1,3,12,10,6,4,5,7,9,2,14,13,8,11 path=0-1-10-11-12-13-8-9-4-5-7-6-2-3-14 (0.0s) PASS
NONDEF 83 rank=138400980451 perm=1,9,3,14,4,8,13,12,11,10,6,7,0,5,2 path=0-12-11-10-9-8-7-6-5-1-2-14-13-4-3 (0.0s) PASS
NONDEF 84 rank=339978966357 perm=3,13,8,11,2,0,14,1,4,10,12,9,6,7,5 path=0-4-3-9-10-1-2-11-12-13-14-8-7-5-6 (0.0s) PASS
NONDEF 85 rank=358467588615 perm=4,1,9,6,7,0,11,3,10,14,2,12,8,13,5 path=0-1-5-4-12-11-6-7-10-9-13-14-3-2-8 (0.0s) PASS
NONDEF 86 rank=71834580431 perm=0,12,7,14,8,9,11,5,13,4,3,10,6,2,1 path=0-14-13-10-9-7-8-1-2-12-11-6-5-4-3 (0.0s) PASS
NONDEF 87 rank=391578923622 perm=4,7,13,6,12,9,5,11,14,0,10,2,1,3,8 path=0-1-14-13-11-10-5-4-7-6-3-2-8-9-12 (0.0s) PASS
NONDEF 88 rank=40854003185 perm=0,7,9,4,8,3,12,2,1,5,11,13,14,10,6 path=0-1-4-5-3-2-13-12-11-10-6-7-8-9-14 (0.0s) PASS
NONDEF 89 rank=561823192996 perm=6,7,2,13,12,5,0,14,10,3,9,1,11,4,8 path=0-1-14-13-5-4-12-11-6-7-3-2-9-8-10 (0.0s) PASS
NONDEF 90 rank=245633230670 perm=2,12,6,11,8,14,4,0,1,10,13,7,5,3,9 path=0-1-3-2-12-11-4-5-10-9-14-13-6-7-8 (0.0s) PASS
NONDEF 91 rank=326860140124 perm=3,11,7,5,8,13,14,2,4,12,0,1,10,6,9 path=0-7-8-3-4-14-13-2-1-12-11-10-9-5-6 (0.0s) PASS
NONDEF 92 rank=468797447419 perm=5,6,3,11,7,0,1,13,9,14,2,12,4,10,8 path=0-1-2-12-11-3-4-14-13-8-7-9-10-6-5 (0.0s) PASS
NONDEF 93 rank=464025883508 perm=5,4,8,11,13,0,14,6,9,10,3,12,2,1,7 path=0-1-2-8-7-14-13-5-6-4-3-9-10-12-11 (0.0s) PASS
NONDEF 94 rank=54125700005 perm=0,9,10,14,13,6,12,3,2,5,1,4,11,8,7 path=0-1-2-3-4-5-9-8-10-11-7-6-12-13-14 (0.0s) PASS
NONDEF 95 rank=488493976986 perm=5,9,6,12,11,13,4,0,1,14,7,10,2,3,8 path=2-3-4-5-9-8-7-6-0-1-11-10-14-13-12 (0.0s) PASS
NONDEF 96 rank=73844697827 perm=0,12,13,2,14,8,3,9,10,4,11,5,7,6,1 path=0-14-13-12-11-9-10-1-2-4-3-6-5-7-8 (0.0s) PASS
NONDEF 97 rank=219694718450 perm=2,8,4,10,12,14,9,7,13,3,5,0,6,1,11 path=0-1-7-6-3-2-9-8-5-4-14-13-11-10-12 (0.0s) PASS
NONDEF 98 rank=334398922538 perm=3,12,10,1,6,5,13,0,8,14,11,2,7,4,9 path=0-11-12-4-3-7-8-14-13-5-6-1-2-10-9 (0.0s) PASS
NONDEF 99 rank=512795200135 perm=5,13,4,8,9,10,0,14,3,11,6,2,1,12,7 path=0-2-1-7-8-11-12-6-5-4-3-14-13-9-10 (0.0s) PASS
CERT SUMMARY: ALL PASS (n=15, 100+100 sigma)
