[cert] n=16 deficient sample=100 non-deficient sample=100
DEF 0 rank=6759320757863 perm=5,2,9,8,4,3,11,15,14,0,1,6,13,12,10,7 pc=15(0.0s) cpsat=15[OPTIMAL](0.0s) PASS
DEF 1 rank=4127823743175 perm=3,2,6,14,9,11,8,10,15,5,1,0,12,7,13,4 pc=15(0.0s) cpsat=15[OPTIMAL](0.0s) PASS
DEF 2 rank=65282892401 perm=0,1,12,8,5,9,4,3,7,14,15,6,11,13,10,2 pc=15(0.0s) cpsat=15[OPTIMAL](0.0s) PASS
DEF 3 rank=3132897836017 perm=2,6,15,1,8,11,10,9,3,7,5,14,0,4,13,12 pc=15(0.0s) cpsat=15[OPTIMAL](0.0s) PASS
DEF 4 rank=1343791767151 perm=1,0,7,13,6,12,15,11,10,8,4,3,5,2,14,9 pc=15(0.0s) cpsat=15[OPTIMAL](0.0s) PASS
DEF 5 rank=4177826650809 perm=3,2,14,13,15,6,0,5,8,7,1,4,10,11,12,9 pc=15(0.0s) cpsat=15[OPTIMAL](0.0s) PASS
DEF 6 rank=516631460893 perm=0,6,14,15,8,10,11,12,3,2,9,1,7,4,13,5 pc=15(0.0s) cpsat=15[OPTIMAL](0.0s) PASS
DEF 7 rank=2447916722551 perm=1,14,2,3,8,9,5,6,7,10,15,4,11,0,13,12 pc=15(0.0s) cpsat=15[OPTIMAL](0.0s) PASS
DEF 8 rank=2381281038761 perm=1,13,5,7,6,2,4,3,11,12,0,9,14,15,10,8 pc=15(0.0s) cpsat=15[OPTIMAL](0.0s) PASS
DEF 9 rank=2266619433133 perm=1,11,15,14,13,7,6,5,10,0,2,3,9,4,12,8 pc=15(0.0s) cpsat=15[OPTIMAL](0.0s) PASS
DEF 10 rank=1421716341240 perm=1,2,6,7,0,15,14,3,13,10,9,4,5,8,11,12 pc=15(0.0s) cpsat=15[OPTIMAL](0.0s) PASS
DEF 11 rank=3212180056665 perm=2,7,13,12,15,11,9,1,0,10,8,14,4,5,6,3 pc=15(0.0s) cpsat=15[OPTIMAL](0.0s) PASS
DEF 12 rank=669210781660 perm=0,8,11,7,2,3,10,9,12,15,14,13,1,6,4,5 pc=15(0.0s) cpsat=15[OPTIMAL](0.1s) PASS
DEF 13 rank=5888184835750 perm=4,8,9,10,11,5,14,15,2,0,1,7,13,12,3,6 pc=15(0.0s) cpsat=15[OPTIMAL](0.0s) PASS
DEF 14 rank=2801027144255 perm=2,3,1,13,10,9,15,14,5,0,4,11,12,8,7,6 pc=15(0.0s) cpsat=15[OPTIMAL](0.0s) PASS
DEF 15 rank=13004493665 perm=0,1,4,3,5,13,11,15,2,10,12,8,9,14,7,6 pc=15(0.0s) cpsat=15[OPTIMAL](0.0s) PASS
DEF 16 rank=2849770529189 perm=2,3,11,10,6,13,5,9,8,7,15,1,0,14,12,4 pc=15(0.0s) cpsat=15[OPTIMAL](0.0s) PASS
DEF 17 rank=37945723123 perm=0,1,8,3,5,11,14,6,4,9,7,10,15,2,13,12 pc=15(0.0s) cpsat=15[OPTIMAL](0.0s) PASS
DEF 18 rank=999021456329 perm=0,12,7,6,10,9,8,3,14,15,4,11,5,13,2,1 pc=15(0.0s) cpsat=15[OPTIMAL](0.0s) PASS
DEF 19 rank=2821353630047 perm=2,3,7,1,0,14,9,6,8,15,10,5,13,12,11,4 pc=15(0.0s) cpsat=15[OPTIMAL](0.0s) PASS
DEF 20 rank=610040378878 perm=0,7,15,14,8,11,10,9,6,5,13,12,4,3,1,2 pc=15(0.0s) cpsat=15[OPTIMAL](0.0s) PASS
DEF 21 rank=2858491451783 perm=2,3,13,0,10,5,11,4,7,8,9,1,15,14,12,6 pc=15(0.0s) cpsat=15[OPTIMAL](0.0s) PASS
DEF 22 rank=1325475837625 perm=1,0,4,14,3,15,10,2,11,9,7,6,5,8,13,12 pc=15(0.0s) cpsat=15[OPTIMAL](0.0s) PASS
DEF 23 rank=604804059885 perm=0,7,15,2,10,9,12,13,8,5,11,3,14,4,6,1 pc=15(0.0s) cpsat=15[OPTIMAL](0.0s) PASS
DEF 24 rank=2403822351942 perm=1,13,9,0,6,12,15,14,11,4,5,10,3,2,7,8 pc=15(0.0s) cpsat=15[OPTIMAL](0.0s) PASS
DEF 25 rank=121884402985 perm=0,2,7,10,8,9,1,13,12,5,3,6,4,11,15,14 pc=15(0.0s) cpsat=15[OPTIMAL](0.0s) PASS
DEF 26 rank=1365239421796 perm=1,0,11,5,4,3,8,14,12,10,9,13,2,15,6,7 pc=15(0.0s) cpsat=15[OPTIMAL](0.0s) PASS
DEF 27 rank=4546579201265 perm=3,8,2,1,13,7,6,9,15,14,0,10,11,12,5,4 pc=15(0.0s) cpsat=15[OPTIMAL](0.0s) PASS
DEF 28 rank=30516629465 perm=0,1,6,14,11,8,9,10,13,12,5,4,7,15,3,2 pc=15(0.0s) cpsat=15[OPTIMAL](0.0s) PASS
DEF 29 rank=3153198335329 perm=2,7,3,6,14,4,15,5,12,8,9,10,0,1,13,11 pc=15(0.0s) cpsat=15[OPTIMAL](0.0s) PASS
DEF 30 rank=1824233784913 perm=1,6,14,15,5,12,13,3,7,10,8,9,0,2,11,4 pc=15(0.0s) cpsat=15[OPTIMAL](0.0s) PASS
DEF 31 rank=1327656977721 perm=1,0,5,4,12,10,11,13,7,8,9,14,3,6,15,2 pc=15(0.0s) cpsat=15[OPTIMAL](0.0s) PASS
DEF 32 rank=2837115360751 perm=2,3,9,10,15,11,14,5,4,7,0,6,8,1,13,12 pc=15(0.0s) cpsat=15[OPTIMAL](0.0s) PASS
DEF 33 rank=3668186247088 perm=2,13,1,0,15,11,10,14,6,7,12,8,5,9,3,4 pc=15(0.0s) cpsat=15[OPTIMAL](0.0s) PASS
DEF 34 rank=26049397478 perm=0,1,6,4,8,11,10,3,9,5,14,7,13,12,2,15 pc=15(0.0s) cpsat=15[OPTIMAL](0.0s) PASS
DEF 35 rank=1133014521873 perm=0,13,15,14,5,6,7,3,9,10,4,2,8,11,12,1 pc=15(0.0s) cpsat=15[OPTIMAL](0.0s) PASS
DEF 36 rank=4150803344276 perm=3,2,10,9,8,6,1,5,12,0,14,15,13,7,4,11 pc=15(0.0s) cpsat=15[OPTIMAL](0.0s) PASS
DEF 37 rank=15653872780 perm=0,1,4,9,12,3,13,14,15,2,11,10,5,8,6,7 pc=15(0.0s) cpsat=15[OPTIMAL](0.0s) PASS
DEF 38 rank=1309721405477 perm=1,0,2,7,6,8,4,3,14,9,12,13,5,15,11,10 pc=14(0.0s) cpsat=14[OPTIMAL](0.0s) PASS
DEF 39 rank=60618241434 perm=0,1,11,12,8,9,13,7,6,14,15,10,5,2,3,4 pc=15(0.0s) cpsat=15[OPTIMAL](0.0s) PASS
DEF 40 rank=4104234164609 perm=3,2,1,4,7,12,15,0,14,9,10,11,8,13,6,5 pc=14(0.0s) cpsat=14[OPTIMAL](0.1s) PASS
DEF 41 rank=2832604874215 perm=2,3,8,14,9,11,15,10,0,7,5,6,4,1,13,12 pc=15(0.0s) cpsat=15[OPTIMAL](0.0s) PASS
DEF 42 rank=5651220527297 perm=4,5,13,8,14,15,11,10,2,1,0,3,9,12,7,6 pc=15(0.0s) cpsat=15[OPTIMAL](0.0s) PASS
DEF 43 rank=1562774578105 perm=1,3,14,15,8,11,10,12,2,0,6,5,4,7,13,9 pc=15(0.0s) cpsat=15[OPTIMAL](0.0s) PASS
DEF 44 rank=4861946398936 perm=3,11,12,13,2,0,1,15,4,8,14,5,9,10,6,7 pc=15(0.0s) cpsat=15[OPTIMAL](0.0s) PASS
DEF 45 rank=1316498775079 perm=1,0,3,8,9,2,13,12,6,7,15,11,5,4,14,10 pc=15(0.0s) cpsat=15[OPTIMAL](0.0s) PASS
DEF 46 rank=35831301827 perm=0,1,7,12,13,10,3,8,4,5,15,14,6,11,9,2 pc=15(0.0s) cpsat=15[OPTIMAL](0.0s) PASS
DEF 47 rank=4151386431355 perm=3,2,10,11,12,15,13,0,14,9,8,7,6,1,5,4 pc=15(0.0s) cpsat=15[OPTIMAL](0.0s) PASS
DEF 48 rank=21525747017 perm=0,1,5,8,15,4,14,3,11,9,13,2,10,12,7,6 pc=15(0.0s) cpsat=15[OPTIMAL](0.0s) PASS
DEF 49 rank=6947668501348 perm=5,4,11,12,7,13,1,14,15,0,3,6,2,10,8,9 pc=15(0.0s) cpsat=15[OPTIMAL](0.0s) PASS
DEF 50 rank=39931294592 perm=0,1,8,7,6,5,15,14,9,13,4,3,10,11,2,12 pc=15(0.0s) cpsat=15[OPTIMAL](0.0s) PASS
DEF 51 rank=1395024015247 perm=1,2,0,3,8,7,6,5,15,9,12,4,11,10,14,13 pc=15(0.0s) cpsat=15[OPTIMAL](0.0s) PASS
DEF 52 rank=1312843383201 perm=1,0,2,13,12,8,7,6,14,4,11,10,5,9,15,3 pc=15(0.0s) cpsat=15[OPTIMAL](0.0s) PASS
DEF 53 rank=1314733834751 perm=1,0,3,4,12,14,7,15,13,10,11,6,9,8,5,2 pc=15(0.0s) cpsat=15[OPTIMAL](0.0s) PASS
DEF 54 rank=6954004828861 perm=5,4,12,11,10,7,3,0,14,15,1,8,9,2,13,6 pc=15(0.0s) cpsat=15[OPTIMAL](0.0s) PASS
DEF 55 rank=1818596545907 perm=1,6,14,0,10,11,7,8,15,13,12,9,3,5,4,2 pc=15(0.0s) cpsat=15[OPTIMAL](0.0s) PASS
DEF 56 rank=2802644927848 perm=2,3,4,1,0,6,14,5,13,12,11,10,9,15,7,8 pc=15(0.0s) cpsat=15[OPTIMAL](0.0s) PASS
DEF 57 rank=3232277457859 perm=2,8,1,0,15,7,3,5,11,10,4,6,14,9,13,12 pc=15(0.0s) cpsat=15[OPTIMAL](0.0s) PASS
DEF 58 rank=20508885833 perm=0,1,5,6,13,12,10,15,14,4,8,11,7,9,3,2 pc=15(0.0s) cpsat=15[OPTIMAL](0.0s) PASS
DEF 59 rank=348389319569 perm=0,4,15,14,5,12,10,8,1,13,11,7,6,9,3,2 pc=15(0.0s) cpsat=15[OPTIMAL](0.0s) PASS
DEF 60 rank=21712358167 perm=0,1,5,9,6,15,7,8,14,11,2,3,10,4,13,12 pc=15(0.0s) cpsat=15[OPTIMAL](0.0s) PASS
DEF 61 rank=1983306163948 perm=1,8,12,7,9,0,2,3,15,13,6,5,4,14,10,11 pc=15(0.0s) cpsat=15[OPTIMAL](0.0s) PASS
DEF 62 rank=2709176213548 perm=2,1,3,0,14,10,7,8,9,4,5,11,6,15,12,13 pc=15(0.0s) cpsat=15[OPTIMAL](0.0s) PASS
DEF 63 rank=4150155046896 perm=3,2,10,8,4,1,9,13,12,11,14,15,0,5,6,7 pc=15(0.0s) cpsat=15[OPTIMAL](0.0s) PASS
DEF 64 rank=1311974319598 perm=1,0,2,11,15,10,14,7,8,13,12,9,6,5,3,4 pc=15(0.0s) cpsat=15[OPTIMAL](0.0s) PASS
DEF 65 rank=4331882621159 perm=3,5,11,10,8,13,12,2,0,1,7,15,14,9,6,4 pc=15(0.0s) cpsat=15[OPTIMAL](0.0s) PASS
DEF 66 rank=2799840349890 perm=2,3,1,11,4,14,15,7,12,13,8,9,10,0,5,6 pc=15(0.0s) cpsat=15[OPTIMAL](0.0s) PASS
DEF 67 rank=1351262257784 perm=1,0,8,15,14,13,9,6,11,10,7,12,3,4,2,5 pc=15(0.0s) cpsat=15[OPTIMAL](0.0s) PASS
DEF 68 rank=1061152612865 perm=0,13,3,7,6,2,5,4,8,10,11,12,14,15,9,1 pc=15(0.0s) cpsat=15[OPTIMAL](0.0s) PASS
DEF 69 rank=4051305197011 perm=3,1,8,10,13,12,2,0,9,5,11,14,15,4,7,6 pc=15(0.0s) cpsat=15[OPTIMAL](0.0s) PASS
DEF 70 rank=7061292275 perm=0,1,3,4,12,14,15,2,7,5,9,8,10,13,11,6 pc=15(0.0s) cpsat=15[OPTIMAL](0.0s) PASS
DEF 71 rank=4110807535941 perm=3,2,4,5,0,9,8,11,15,14,1,6,13,10,12,7 pc=15(0.0s) cpsat=15[OPTIMAL](0.0s) PASS
DEF 72 rank=42520906840 perm=0,1,8,13,12,4,10,3,15,14,2,6,9,11,5,7 pc=15(0.0s) cpsat=15[OPTIMAL](0.0s) PASS
DEF 73 rank=6963200935318 perm=5,4,14,2,13,12,8,0,15,3,1,11,10,9,6,7 pc=15(0.0s) cpsat=15[OPTIMAL](0.0s) PASS
DEF 74 rank=4137379009781 perm=3,2,8,7,10,0,13,6,12,11,14,15,1,9,5,4 pc=15(0.0s) cpsat=15[OPTIMAL](0.0s) PASS
DEF 75 rank=170640065830 perm=0,2,15,7,4,13,12,5,8,14,6,9,11,10,1,3 pc=15(0.0s) cpsat=15[OPTIMAL](0.0s) PASS
DEF 76 rank=21341742016 perm=0,1,5,8,10,12,4,3,2,13,9,6,14,15,7,11 pc=15(0.0s) cpsat=15[OPTIMAL](0.0s) PASS
DEF 77 rank=16075675128 perm=0,1,4,10,9,13,2,6,7,3,12,11,5,8,14,15 pc=15(0.0s) cpsat=15[OPTIMAL](0.0s) PASS
DEF 78 rank=3239056743830 perm=2,8,3,4,1,6,7,0,12,14,15,13,10,9,5,11 pc=15(0.0s) cpsat=15[OPTIMAL](0.0s) PASS
DEF 79 rank=1602407137670 perm=1,4,7,6,5,12,9,10,11,0,15,14,8,3,2,13 pc=15(0.0s) cpsat=15[OPTIMAL](0.0s) PASS
DEF 80 rank=4104169500871 perm=3,2,1,4,6,5,0,15,8,10,14,9,11,7,13,12 pc=15(0.0s) cpsat=15[OPTIMAL](0.0s) PASS
DEF 81 rank=1576255551103 perm=1,4,2,3,12,9,13,11,10,5,15,14,6,0,8,7 pc=15(0.0s) cpsat=15[OPTIMAL](0.0s) PASS
DEF 82 rank=4105464853703 perm=3,2,1,6,14,10,0,9,15,13,4,5,12,11,8,7 pc=15(0.0s) cpsat=15[OPTIMAL](0.0s) PASS
DEF 83 rank=2592140326 perm=0,1,2,8,7,15,6,5,4,11,14,9,13,12,3,10 pc=15(0.0s) cpsat=15[OPTIMAL](0.0s) PASS
DEF 84 rank=60929821300 perm=0,1,11,13,4,7,10,5,6,3,14,15,2,12,8,9 pc=15(0.0s) cpsat=15[OPTIMAL](0.0s) PASS
DEF 85 rank=4137647393134 perm=3,2,8,9,0,13,12,1,4,7,10,14,15,11,5,6 pc=15(0.0s) cpsat=15[OPTIMAL](0.0s) PASS
DEF 86 rank=2870572994189 perm=2,3,14,15,11,12,13,7,8,9,4,1,0,10,6,5 pc=14(0.0s) cpsat=14[OPTIMAL](0.0s) PASS
DEF 87 rank=407716134191 perm=0,5,11,8,3,2,12,7,6,9,13,10,15,14,4,1 pc=15(0.0s) cpsat=15[OPTIMAL](0.1s) PASS
DEF 88 rank=2246964225959 perm=1,11,12,13,15,3,2,0,7,6,4,14,10,9,8,5 pc=15(0.0s) cpsat=15[OPTIMAL](0.0s) PASS
DEF 89 rank=20000337101 perm=0,1,5,4,13,2,10,11,3,14,15,12,6,9,8,7 pc=15(0.0s) cpsat=15[OPTIMAL](0.0s) PASS
DEF 90 rank=4147786983019 perm=3,2,10,1,5,13,14,15,12,9,4,0,11,6,8,7 pc=15(0.0s) cpsat=15[OPTIMAL](0.0s) PASS
DEF 91 rank=38406039071 perm=0,1,8,4,5,3,12,13,11,14,15,7,10,9,6,2 pc=15(0.0s) cpsat=15[OPTIMAL](0.0s) PASS
DEF 92 rank=3731180556577 perm=2,13,12,3,7,15,5,6,4,9,8,14,0,1,11,10 pc=15(0.0s) cpsat=15[OPTIMAL](0.0s) PASS
DEF 93 rank=60468639530 perm=0,1,11,12,4,14,8,6,3,15,9,7,2,10,5,13 pc=15(0.0s) cpsat=15[OPTIMAL](0.1s) PASS
DEF 94 rank=48763643350 perm=0,1,9,13,12,8,15,6,11,2,5,7,14,10,3,4 pc=15(0.0s) cpsat=15[OPTIMAL](0.0s) PASS
DEF 95 rank=21756061349 perm=0,1,5,9,8,2,7,14,13,12,15,4,3,11,10,6 pc=15(0.0s) cpsat=15[OPTIMAL](0.0s) PASS
DEF 96 rank=16087236134 perm=0,1,4,10,11,2,6,3,15,14,9,5,12,8,7,13 pc=15(0.0s) cpsat=15[OPTIMAL](0.0s) PASS
DEF 97 rank=4105525237199 perm=3,2,1,7,0,4,12,15,10,11,14,13,9,8,6,5 pc=15(0.0s) cpsat=15[OPTIMAL](0.0s) PASS
DEF 98 rank=4110199027784 perm=3,2,4,0,13,5,11,12,1,6,14,15,8,9,7,10 pc=15(0.0s) cpsat=15[OPTIMAL](0.0s) PASS
DEF 99 rank=2875226854735 perm=2,3,15,11,8,7,6,5,13,12,9,4,1,0,14,10 pc=15(0.0s) cpsat=15[OPTIMAL](0.0s) PASS
NONDEF 0 rank=4497781549781 perm=3,7,10,4,14,15,0,2,12,5,1,13,6,11,9,8 path=5-4-11-10-6-7-0-1-12-13-8-9-3-2-14-15 (0.0s) PASS
NONDEF 1 rank=3640574694452 perm=2,12,11,9,5,0,13,15,1,14,4,8,10,6,3,7 path=0-1-6-7-9-8-5-4-10-11-3-2-12-13-15-14 (0.0s) PASS
NONDEF 2 rank=4141564964416 perm=3,2,9,1,5,15,6,13,0,7,12,4,11,14,8,10 path=0-1-3-2-14-15-12-13-5-4-11-10-7-6-9-8 (0.0s) PASS
NONDEF 3 rank=2915201656846 perm=2,4,8,1,15,14,7,5,9,3,0,10,13,12,6,11 path=0-1-9-8-11-10-3-2-6-7-14-15-13-12-5-4 (0.0s) PASS
NONDEF 4 rank=3230829965156 perm=2,8,0,13,15,3,4,6,9,10,7,14,12,5,1,11 path=0-1-8-9-15-14-2-3-12-13-6-7-10-11-4-5 (0.0s) PASS
NONDEF 5 rank=4071393455873 perm=3,1,11,13,10,15,12,14,2,9,0,8,6,7,5,4 path=0-8-7-5-6-3-4-2-1-10-9-11-12-13-14-15 (0.0s) PASS
NONDEF 6 rank=6151265286432 perm=4,11,8,13,14,1,12,2,0,3,15,9,5,6,7,10 path=0-12-13-14-15-1-2-11-10-4-3-6-5-8-7-9 (0.0s) PASS
NONDEF 7 rank=6299018042469 perm=4,13,3,9,5,11,8,0,15,2,1,10,14,7,12,6 path=0-1-14-15-4-5-11-10-7-6-3-2-9-8-12-13 (0.0s) PASS
NONDEF 8 rank=1477832775760 perm=1,2,15,6,4,13,0,14,9,11,12,5,8,10,3,7 path=0-6-5-10-9-13-12-8-7-2-1-14-15-3-4-11 (0.0s) PASS
NONDEF 9 rank=1560370318420 perm=1,3,14,9,8,10,4,5,12,6,13,15,0,11,2,7 path=3-2-11-10-8-9-7-6-1-0-12-13-5-4-15-14 (0.0s) PASS
NONDEF 10 rank=376495094367 perm=0,5,6,8,15,14,13,7,12,9,2,10,4,3,11,1 path=0-15-14-11-10-13-12-1-2-7-6-8-9-3-4-5 (0.0s) PASS
NONDEF 11 rank=5727927231874 perm=4,6,11,14,0,10,2,15,5,7,12,3,8,13,1,9 path=0-1-8-9-12-13-10-11-6-7-3-2-5-4-14-15 (0.0s) PASS
NONDEF 12 rank=4982590326771 perm=3,13,2,4,0,8,7,5,15,12,11,9,1,10,14,6 path=0-1-9-8-14-15-6-7-3-2-12-13-10-11-5-4 (0.0s) PASS
NONDEF 13 rank=2306591142365 perm=1,12,7,6,5,15,10,13,8,9,14,0,2,11,4,3 path=0-11-10-5-6-13-12-15-14-4-3-2-1-7-8-9 (0.0s) PASS
NONDEF 14 rank=1235195726795 perm=0,15,3,6,11,4,13,5,10,2,9,7,8,14,12,1 path=0-1-13-12-10-11-3-2-5-4-8-9-15-14-6-7 (0.0s) PASS
NONDEF 15 rank=6846088197548 perm=5,3,9,7,6,15,4,13,0,12,14,8,11,2,1,10 path=0-6-7-9-8-14-15-12-13-1-2-11-10-5-4-3 (0.0s) PASS
NONDEF 16 rank=4069023564140 perm=3,1,11,7,13,9,14,2,4,5,15,0,12,8,6,10 path=0-7-8-9-10-6-5-13-12-4-3-14-15-2-1-11 (0.0s) PASS
NONDEF 17 rank=471561718794 perm=0,6,7,12,8,10,13,11,2,1,9,15,14,3,4,5 path=2-3-6-7-5-4-10-11-12-13-8-9-0-1-15-14 (0.0s) PASS
NONDEF 18 rank=4729342501359 perm=3,10,4,8,6,0,1,2,15,9,14,7,12,11,13,5 path=0-1-13-12-14-15-2-3-9-8-10-11-4-5-6-7 (0.0s) PASS
NONDEF 19 rank=361909353404 perm=0,5,3,2,10,11,9,4,8,7,14,6,15,12,1,13 path=0-14-15-13-12-10-11-9-8-6-5-4-3-2-1-7 (0.0s) PASS
NONDEF 20 rank=3375353343892 perm=2,9,12,0,10,11,14,15,7,1,5,6,3,13,4,8 path=0-12-11-8-7-6-5-4-3-9-10-14-13-2-1-15 (0.0s) PASS
NONDEF 21 rank=4570924733620 perm=3,8,7,0,11,5,6,2,14,12,9,15,1,13,4,10 path=0-7-6-2-1-10-11-8-9-13-12-3-4-15-14-5 (0.0s) PASS
NONDEF 22 rank=9288415423285 perm=7,1,9,11,3,6,4,15,0,2,13,12,10,5,14,8 path=2-15-14-7-8-1-0-5-6-13-12-3-4-9-10-11 (0.0s) PASS
NONDEF 23 rank=5465211458348 perm=4,2,11,10,9,0,13,12,1,14,15,6,8,5,3,7 path=0-1-14-15-12-13-11-10-9-8-5-4-3-2-7-6 (0.0s) PASS
NONDEF 24 rank=2108517010782 perm=1,10,3,9,14,12,11,7,8,13,2,15,4,0,5,6 path=0-13-12-14-15-7-6-1-2-10-11-4-3-8-9-5 (0.0s) PASS
NONDEF 25 rank=853970218881 perm=0,10,13,2,12,11,4,15,14,6,5,8,3,7,9,1 path=0-1-5-4-2-3-12-13-9-8-7-6-10-11-14-15 (0.0s) PASS
NONDEF 26 rank=1372436941179 perm=1,0,12,7,4,8,14,5,10,15,3,13,2,9,11,6 path=0-1-2-11-10-12-13-5-4-7-6-9-8-14-15-3 (0.0s) PASS
NONDEF 27 rank=4510237812555 perm=3,7,12,4,14,15,9,2,11,13,0,8,1,6,10,5 path=0-7-6-11-10-12-13-1-2-9-8-14-15-3-4-5 (0.0s) PASS
NONDEF 28 rank=2033626209729 perm=1,9,5,10,8,11,14,7,15,12,13,0,3,4,6,2 path=0-1-4-5-3-2-13-12-15-14-7-6-8-9-10-11 (0.0s) PASS
NONDEF 29 rank=9262788916421 perm=7,1,4,9,12,6,5,0,15,13,2,14,3,11,10,8 path=0-1-7-6-2-3-15-14-13-12-10-11-8-9-4-5 (0.0s) PASS
NONDEF 30 rank=8249898016209 perm=6,4,10,14,1,5,12,3,15,0,7,2,9,11,13,8 path=0-1-5-4-9-8-3-2-12-13-6-7-11-10-15-14 (0.0s) PASS
NONDEF 31 rank=3011109495725 perm=2,5,9,10,3,12,0,11,1,6,15,4,7,14,13,8 path=0-1-9-8-6-7-3-2-15-14-5-4-11-10-13-12 (0.0s) PASS
NONDEF 32 rank=4348834056686 perm=3,5,14,6,15,8,0,12,9,1,13,10,7,4,2,11 path=0-1-13-12-3-2-4-5-8-9-6-7-10-11-15-14 (0.0s) PASS
NONDEF 33 rank=2011376899552 perm=1,9,2,0,4,6,11,10,14,5,3,15,12,13,7,8 path=0-3-4-9-10-2-1-15-14-5-6-7-8-11-12-13 (0.0s) PASS
NONDEF 34 rank=2151957439538 perm=1,10,11,8,9,0,13,14,4,6,2,15,3,7,5,12 path=1-0-5-4-3-2-15-14-8-9-13-12-10-11-7-6 (0.0s) PASS
NONDEF 35 rank=8341387966912 perm=6,5,11,9,1,4,15,0,14,2,3,13,10,12,7,8 path=0-1-5-4-7-6-8-9-10-11-13-12-2-3-15-14 (0.0s) PASS
NONDEF 36 rank=6691889599983 perm=5,1,12,10,7,15,4,13,2,0,3,9,11,8,14,6 path=0-6-5-14-15-4-3-12-13-11-10-8-7-2-1-9 (0.0s) PASS
NONDEF 37 rank=1428605476628 perm=1,2,7,8,9,11,5,13,6,12,0,10,15,4,3,14 path=0-1-14-15-12-13-6-7-9-8-2-3-4-5-11-10 (0.0s) PASS
NONDEF 38 rank=713501166438 perm=0,9,3,10,8,12,13,15,5,11,2,7,4,1,6,14 path=0-1-3-2-12-13-10-11-4-5-6-7-15-14-8-9 (0.0s) PASS
NONDEF 39 rank=8004643676998 perm=6,1,13,8,2,4,5,0,15,12,9,14,11,10,3,7 path=0-1-7-6-5-4-14-15-3-2-9-8-11-10-13-12 (0.0s) PASS
NONDEF 40 rank=484923684414 perm=0,6,9,14,5,4,15,11,1,12,3,8,7,2,10,13 path=0-1-4-5-10-11-2-3-6-7-14-15-9-8-13-12 (0.0s) PASS
NONDEF 41 rank=1143055643249 perm=0,14,2,9,5,15,7,13,4,10,3,11,8,12,6,1 path=0-1-5-4-8-9-11-10-2-3-12-13-7-6-14-15 (0.0s) PASS
NONDEF 42 rank=28132760014 perm=0,1,6,9,12,13,10,5,2,14,11,8,15,7,3,4 path=0-1-2-13-12-9-8-14-15-7-6-10-11-3-4-5 (0.0s) PASS
NONDEF 43 rank=7480706361019 perm=5,11,13,4,3,8,1,6,15,0,14,2,12,7,10,9 path=0-1-14-15-5-4-3-2-12-13-7-6-9-8-10-11 (0.0s) PASS
NONDEF 44 rank=5012329867329 perm=3,13,7,15,1,6,11,5,12,4,2,0,9,10,14,8 path=0-1-8-9-7-6-13-12-15-14-3-2-5-4-10-11 (0.0s) PASS
NONDEF 45 rank=376460689059 perm=0,5,6,8,15,2,9,12,11,3,1,14,4,10,13,7 path=0-10-9-5-6-3-4-11-12-1-2-15-14-7-8-13 (0.0s) PASS
NONDEF 46 rank=1556149314131 perm=1,3,13,14,10,12,0,6,2,8,15,4,7,11,9,5 path=0-1-8-9-14-15-11-10-3-2-5-4-13-12-7-6 (0.0s) PASS
NONDEF 47 rank=8055214105074 perm=6,2,7,10,12,1,0,11,14,15,3,13,9,4,5,8 path=6-7-4-5-1-0-14-15-2-3-12-13-10-11-8-9 (0.0s) PASS
NONDEF 48 rank=7191686143380 perm=5,8,7,14,13,12,15,0,9,10,11,3,4,1,2,6 path=2-15-14-11-10-9-8-1-0-12-13-7-6-3-4-5 (0.0s) PASS
NONDEF 49 rank=4738547026276 perm=3,10,5,15,8,9,7,2,13,0,4,12,1,14,6,11 path=0-7-6-14-15-1-2-10-11-8-9-12-13-3-4-5 (0.0s) PASS
NONDEF 50 rank=8154330588799 perm=6,3,9,8,11,1,15,0,14,13,2,10,5,4,12,7 path=2-3-15-14-9-8-6-7-5-4-11-10-1-0-12-13 (0.0s) PASS
NONDEF 51 rank=4550430127314 perm=3,8,2,12,13,14,7,9,0,6,5,15,11,1,4,10 path=0-1-7-6-9-8-13-12-15-14-10-11-5-4-3-2 (0.0s) PASS
NONDEF 52 rank=1651149147296 perm=1,4,15,3,0,12,8,7,11,13,9,6,5,10,2,14 path=0-4-3-14-15-2-1-12-13-8-7-11-10-6-5-9 (0.0s) PASS
NONDEF 53 rank=4302674880979 perm=3,5,6,15,10,0,13,8,11,7,12,1,14,2,9,4 path=0-1-15-14-7-6-10-11-5-4-8-9-2-3-12-13 (0.0s) PASS
NONDEF 54 rank=1077849460046 perm=0,13,6,2,4,8,9,3,10,14,15,11,7,5,1,12 path=0-1-9-8-6-7-4-5-12-13-2-3-14-15-11-10 (0.0s) PASS
NONDEF 55 rank=7744211958895 perm=5,14,12,9,4,13,2,0,15,10,11,6,3,1,8,7 path=0-1-8-9-10-11-15-14-3-2-5-4-12-13-6-7 (0.0s) PASS
NONDEF 56 rank=8436991131576 perm=6,7,12,14,10,4,8,13,0,15,2,11,1,3,5,9 path=0-1-6-7-2-3-9-8-12-13-10-11-4-5-14-15 (0.0s) PASS
NONDEF 57 rank=4386480529072 perm=3,6,5,8,10,11,7,4,14,2,0,15,12,13,1,9 path=0-9-10-14-13-12-11-8-7-2-1-6-5-4-3-15 (0.0s) PASS
NONDEF 58 rank=3512865075583 perm=2,11,5,1,12,10,7,6,14,13,8,15,3,0,9,4 path=0-1-4-5-14-15-12-13-3-2-7-6-10-11-8-9 (0.0s) PASS
NONDEF 59 rank=3226521288963 perm=2,8,0,3,15,4,12,11,7,9,1,5,6,13,14,10 path=0-1-8-9-15-14-4-5-3-2-10-11-12-13-6-7 (0.0s) PASS
NONDEF 60 rank=2489567184975 perm=1,14,8,12,5,13,15,9,11,0,4,2,7,6,10,3 path=0-9-10-4-3-5-6-1-2-7-8-14-13-12-11-15 (0.0s) PASS
NONDEF 61 rank=3823561658557 perm=2,14,13,0,6,5,1,15,7,4,10,8,11,3,12,9 path=0-1-7-6-3-2-14-15-11-10-12-13-9-8-4-5 (0.0s) PASS
NONDEF 62 rank=2294714741161 perm=1,12,5,8,10,6,14,9,15,13,2,0,3,4,11,7 path=0-11-10-12-13-2-1-9-8-6-5-15-14-4-3-7 (0.0s) PASS
NONDEF 63 rank=897965706494 perm=0,11,5,3,10,15,4,12,13,14,6,1,8,7,2,9 path=0-1-4-5-9-8-7-6-2-3-14-15-12-13-10-11 (0.0s) PASS
NONDEF 64 rank=2454109452655 perm=1,14,3,2,7,10,12,11,13,8,15,5,4,0,9,6 path=0-13-12-11-10-1-2-3-4-15-14-9-8-6-5-7 (0.0s) PASS
NONDEF 65 rank=8410198002586 perm=6,7,8,10,13,2,1,0,15,14,3,12,5,11,4,9 path=0-1-2-15-14-12-13-3-4-11-10-5-6-7-8-9 (0.0s) PASS
NONDEF 66 rank=2439194622786 perm=1,13,15,10,3,14,8,6,5,0,7,9,12,2,4,11 path=0-9-8-14-15-3-4-13-12-1-2-5-6-11-10-7 (0.0s) PASS
NONDEF 67 rank=397529013043 perm=0,5,9,13,14,15,4,6,8,2,3,7,12,1,11,10 path=0-1-7-6-10-11-8-9-13-12-14-15-2-3-4-5 (0.0s) PASS
NONDEF 68 rank=9492281846525 perm=7,3,14,5,12,10,6,0,15,2,13,1,4,11,9,8 path=2-8-7-11-12-3-4-10-9-1-0-6-5-13-14-15 (0.0s) PASS
NONDEF 69 rank=5030819647064 perm=3,13,10,14,9,8,0,4,11,5,12,15,2,6,1,7 path=0-12-13-15-14-6-5-4-3-11-10-1-2-8-7-9 (0.0s) PASS
NONDEF 70 rank=8818959023188 perm=6,12,2,4,1,9,11,15,0,14,13,5,3,10,7,8 path=0-1-10-11-3-2-12-13-6-7-9-8-4-5-15-14 (0.0s) PASS
NONDEF 71 rank=2180632832789 perm=1,11,0,4,8,7,15,9,10,12,3,5,2,14,13,6 path=0-1-8-9-14-15-5-4-7-6-13-12-10-11-3-2 (0.0s) PASS
NONDEF 72 rank=1410318796587 perm=1,2,4,9,6,10,0,11,14,3,8,7,5,13,15,12 path=0-1-9-8-14-15-13-12-2-3-10-11-4-5-7-6 (0.0s) PASS
NONDEF 73 rank=5868901579347 perm=4,8,5,9,6,3,15,7,14,0,11,2,1,12,13,10 path=0-1-3-2-4-5-11-10-15-14-13-12-9-8-6-7 (0.0s) PASS
NONDEF 74 rank=6306293207623 perm=4,13,5,11,7,15,3,8,9,2,0,14,6,1,12,10 path=0-1-11-10-13-12-2-3-14-15-8-9-6-7-4-5 (0.0s) PASS
NONDEF 75 rank=4848003471812 perm=3,11,9,8,0,12,13,15,4,10,2,7,14,5,1,6 path=0-10-11-15-14-4-3-2-1-9-8-13-12-7-6-5 (0.0s) PASS
NONDEF 76 rank=1410489679442 perm=1,2,4,9,11,13,3,7,15,6,12,0,5,10,8,14 path=0-1-6-7-9-8-15-14-3-2-12-13-4-5-10-11 (0.0s) PASS
NONDEF 77 rank=2831605449096 perm=2,3,8,12,7,11,9,6,13,15,14,10,0,1,4,5 path=4-5-11-10-9-8-3-2-6-7-15-14-1-0-13-12 (0.0s) PASS
NONDEF 78 rank=68003562811 perm=0,1,12,14,15,8,13,7,4,5,10,9,11,2,6,3 path=0-1-13-12-10-11-5-4-3-2-6-7-14-15-8-9 (0.0s) PASS
NONDEF 79 rank=4027007864084 perm=3,1,4,12,2,0,9,6,5,14,15,8,13,10,7,11 path=0-4-3-12-13-15-14-7-6-11-10-9-8-2-1-5 (0.0s) PASS
NONDEF 80 rank=9034105494580 perm=6,14,9,12,3,5,2,15,0,13,7,11,1,10,4,8 path=0-1-7-6-4-5-14-15-2-3-9-8-12-13-11-10 (0.0s) PASS
NONDEF 81 rank=2457829286057 perm=1,14,3,11,2,12,13,8,7,15,4,0,9,10,6,5 path=0-11-10-15-14-8-9-1-2-4-3-13-12-7-6-5 (0.0s) PASS
NONDEF 82 rank=3733576888672 perm=2,13,12,8,6,15,10,0,3,4,7,14,9,11,1,5 path=1-0-8-9-15-14-7-6-12-13-2-3-10-11-5-4 (0.0s) PASS
NONDEF 83 rank=2723800808224 perm=2,1,5,8,7,15,9,13,10,4,0,11,12,14,3,6 path=0-1-10-11-8-9-2-3-6-7-12-13-5-4-15-14 (0.0s) PASS
NONDEF 84 rank=2223435420081 perm=1,11,8,0,13,12,3,15,9,6,2,10,5,7,14,4 path=0-3-4-5-6-10-9-13-12-15-14-7-8-2-1-11 (0.0s) PASS
NONDEF 85 rank=5444585123036 perm=4,2,8,6,10,5,13,0,3,15,14,12,11,7,1,9 path=0-1-8-9-10-11-6-7-14-15-2-3-5-4-12-13 (0.0s) PASS
NONDEF 86 rank=3728255605332 perm=2,13,11,10,5,9,3,15,14,0,4,1,8,6,7,12 path=0-6-5-12-13-14-15-1-2-3-4-10-11-9-8-7 (0.0s) PASS
NONDEF 87 rank=5018727301633 perm=3,13,8,15,6,10,11,0,4,7,9,12,1,2,14,5 path=0-1-11-10-2-3-14-15-8-9-4-5-6-7-12-13 (0.0s) PASS
NONDEF 88 rank=4560186283174 perm=3,8,5,6,2,7,0,15,4,12,14,11,13,10,1,9 path=0-1-15-14-4-5-3-2-8-9-12-13-11-10-7-6 (0.0s) PASS
NONDEF 89 rank=3669606896051 perm=2,13,1,5,15,7,4,12,11,6,9,0,8,14,10,3 path=0-1-7-6-3-2-11-10-12-13-4-5-9-8-14-15 (0.0s) PASS
NONDEF 90 rank=7600728794901 perm=5,13,2,9,14,4,0,15,11,1,10,3,12,7,8,6 path=0-1-12-13-15-14-3-2-9-8-10-11-5-4-7-6 (0.0s) PASS
NONDEF 91 rank=5008924720388 perm=3,13,7,6,0,2,8,12,11,15,5,9,14,4,1,10 path=0-5-4-14-15-8-9-12-13-10-11-6-7-1-2-3 (0.0s) PASS
NONDEF 92 rank=6996820274165 perm=5,6,3,11,1,2,0,15,13,14,8,4,7,12,10,9 path=0-1-12-13-8-9-7-6-4-5-2-3-14-15-10-11 (0.0s) PASS
NONDEF 93 rank=10042216689230 perm=7,11,2,10,14,9,12,0,15,4,5,13,6,3,1,8 path=0-1-3-2-13-12-10-11-6-7-14-15-5-4-8-9 (0.0s) PASS
NONDEF 94 rank=9566883729282 perm=7,4,12,5,9,10,11,15,0,1,14,3,13,2,6,8 path=0-1-11-10-7-6-5-4-15-14-3-2-12-13-9-8 (0.0s) PASS
NONDEF 95 rank=1371998027928 perm=1,0,12,6,5,8,14,11,13,15,7,4,2,3,9,10 path=0-1-2-8-7-15-14-5-6-9-10-3-4-11-12-13 (0.0s) PASS
NONDEF 96 rank=2323499226846 perm=1,12,10,2,11,8,0,15,14,5,7,3,6,4,9,13 path=0-1-15-14-5-4-2-3-11-10-12-13-9-8-7-6 (0.0s) PASS
NONDEF 97 rank=4935853178521 perm=3,12,9,10,6,7,14,1,8,0,15,2,4,5,13,11 path=0-11-12-13-14-1-2-8-7-9-10-6-5-4-3-15 (0.0s) PASS
NONDEF 98 rank=7606727951235 perm=5,13,3,9,6,10,4,0,7,15,2,12,1,11,14,8 path=0-1-11-10-2-3-15-14-9-8-4-5-13-12-7-6 (0.0s) PASS
NONDEF 99 rank=3419413886130 perm=2,10,4,1,11,8,14,0,3,5,15,12,13,6,7,9 path=0-1-4-5-15-14-13-12-11-10-6-7-3-2-8-9 (0.0s) PASS
CERT SUMMARY: ALL PASS (n=16, 100+100 sigma)
